Qxua, Qxua, Qxua, Qxua, Qxua, Qxua, Qxua, Qxua, Qxua, Qxua, Qxua, Qxua, Qxua, Qxua, Qxua, Qxua, Qxua, Qxua, Qxua, Qxua, Qxua, Qxua, Qxua, Qxua, Qxua, Qxua, Qxua, Qxua, Qxua, Qxua, Qxua, Qxua, Qxua, Qxua, Qxua, Qxua, Qxua, Qxua, Qxua, Qxua, Qxua, Qxua, Qxua, Qxua, Qxua, Qxua
Qxua, Qxua, Xu, Qxua, Xu, Qxua, Xu, Qxua, Xu, Qxua, Xu, Qxua, Xu, Qxua, Xu, Qxua, Xu, Qxua, Xu, Qxua, Xu, Qxua, Xu, Qxua, Xu, Qxua, Xu, Qxua, Xu, Qxua, Xu, Qxua, Xu, Qxua, Xu, Qxua, Xu, Qxua, Xu, Qxua, Xu, Qxua, Xu, Qxua, Qxua, Qxua
Qxua, Qxua, Xu, Xu, Xu, Xu, Xu, Xu, Xu, Xu, Xu, Xu, Xu, Xu, Xu, Xu, Xu, Xu, Xu, Xu, Xu, Xu, Xu, Xu, Xu, Xu, Xu, Xu, Xu, Xu, Xu, Xu, Xu, Xu, Xu, Xu, Xu, Xu, Xu, Xu, Xu, Xu, Xu, Xu, Qxua, Qxua
Qxua, Qxua, Xu, Xu, Xu, Xu, Xu, Xu, Xu, Xu, Xu, Xu, Xu, Xu, Xu, Xu, Xu, Xu, Xu, Xu, Xu, Xu, Xu, Xu, Xu, Xu, Xu, Xu, Xu, Xu, Xu, Xu, Xu, Xu, Xu, Xu, Xu, Xu, Xu, Xu, Xu, Xu, Xu, Xu, Qxua, Qxua
Qxua, Qxua, Xu, Xu, Xu, Xu, Xu, Xu, Xu, Xu, Xu, Xu, Xu, Xu, Xu, Xu, Xu, Xu, Xu, Xu, Xu, Xu, Xu, Xu, Xu, Xu, Xu, Xu, Xu, Xu, Xu, Xu, Xu, Xu, Xu, Xu, Xu, Xu, Xu, Xu, Xu, Xu, Xu, Xu, Qxua, Qxua
Qxua, Qxua, Xu, Xu, Xu, Xu, Xu, Xu, Xu, Xu, Xu, Xu, Xu, Xu, Xu, Xu, Xu, Xu, Xu, Xu, Xu, Xu, Xu, Xu, Xu, Xu, Xu, Xu, Xu, Xu, Xu, Xu, Xu, Xu, Xu, Xu, Xu, Xu, Xu, Xu, Xu, Xu, Xu, Xu, Qxua, Qxua
Qxua, Qxua, Xu, Xu, Xu, Xu, Xu, Xu, Xu, Xu, Xu, Xu, Xu, Xu, Xu, Xu, Xu, Xu, Xu, Xu, Xu, Xu, Xu, Xu, Xu, Xu, Xu, Xu, Xu, Xu, Xu, Xu, Xu, Xu, Xu, Xu, Xu, Xu, Xu, Xu, Xu, Xu, Xu, Xu, Qxua, Qxua
Qxua, Qxua, Xu, Xu, Xu, Xu, Xu, Xu, Xu, Xu, Xu, Xu, Xu, Xu, Xu, Xu, Xu, Xu, Xu, Xu, Xu, Xu, Xu, Xu, Xu, Xu, Uu, Xu, Xu, Xu, Xu, Xu, Xu, Xu, Xu, Xu, Xu, Xu, Xu, Xu, Xu, Xu, Xu, Xu, Qxua, Qxua
Qxua, Qxua, Xu, Xu, Xu, Xu, Xu, Xu, Xu, Xu, Xu, Xu, Xu, Xu, Xu, Xu, Xu, Xu, Xu, Xu, Ql, Xu, Xu, Xu, Uu, Uu, Rr, Uu, Uu, Xu, Xu, Xu, Xu, Xu, Xu, Xu, Xu, Xu, Xu, Xu, Xu, Xu, Xu, Xu, Qxua, Qxua
Qxua, Qxua, Xu, Xu, Xu, Xu, Xu, Xu, Xu, Xu, Xu, Xu, Xu, Xu, Xu, Xu, Xu, Xu, Ql, Ql, Ql, Ql, Xu, Uu, Qlf, Cud^Xo, Ql, Rr, Cud^Xo, Uu, Xu, Xu, Xu, Xu, Xu, Xu, Xu, Xu, Xu, Xu, Xu, Xu, Xu, Xu, Qxua, Qxua
Qxua, Qxua, Xu, Xu, Xu, Xu, Xu, Xu, Xu, Xu, Xu, Xu, Xu, Xu, Xu, Xu, Xu, Xu, Uu, Uu, Xu, Uu, Uu, Uu^Ii, Ql, Ql, Ql, Rr, Ql, Qlf, Uu, Xu, Xu, Xu, Xu, Xu, Xu, Xu, Xu, Xu, Xu, Xu, Xu, Xu, Qxua, Qxua
Qxua, Qxua, Xu, Xu, Xu, Xu, Xu, Xu, Xu, Xu, Xu, Xu, Xu, Xu, Xu, Xu, Xu, Xu, Xu, Xu, Xu, Ql, Ql, Ql, Cud^Xo, Ql, Uu^Ii, Rr, Uu^Ii, Ql, Uu, Xu, Xu, Xu, Xu, Xu, Xu, Xu, Xu, Xu, Xu, Xu, Xu, Xu, Qxua, Qxua
Qxua, Qxua, Xu, Xu, Xu, Xu, Xu, Xu, Xu, Xu, Xu, Xu, Xu, Xu, Xu, Xu, Xu, Xu, Xu, Xu, Xu, Uu, Uu, Ql, Ql, Uu^Ii, Rr, invoker_spawn Rr, Uu^Ii, Ql, Ql, Xu, Xu, Xu, Xu, Xu, Xu, Xu, Xu, Xu, Xu, Xu, Xu, Xu, Qxua, Qxua
Qxua, Qxua, Xu, Xu, Xu, Xu, Xu, Xu, Xu, Xu, Xu, Xu, Xu, Xu, Xu, Xu, Xu, Xu, Xu, Xu, Xu, Uu, Cud^Xo, Ql, Rr, Uu^Ii, Uu^Ii, Uu^Ii, Rr, Uu^Ii, Ql, Qlf, Uu, Xu, Xu, Xu^Edb, Xu^Edb, Xu, Xu, Xu, Xu, Xu, Xu, Xu, Qxua, Qxua
Qxua, Qxua, Xu, Xu, Xu, Xu, Xu, Xu, Xu, Xu, Xu, Xu, Xu, Xu, Xu, Xu, Xu, Xu, Xu, Xu, Xu, Uu, Rr, Rr, Ql, Ql, Cud^Xo, Ql, Ql, Rr, Rr, Uu, Uu, Xu, Rr^Pr/, Xu^Edb, Uu^Edb, Xu^Edb, Xu^Edb, Xu, Xu, Xu, Xu, Xu, Qxua, Qxua
Qxua, Qxua, Xu, Xu, Xu, Xu, Xu, Xu, Xu, Xu, Xu, Xu, Xu, Xu, Xu, Xu, Xu, Xu, Xu, Xu, Xu, Uu, Uu, Uu, Ql, Ql, Ql, Ql, Uu, Cud^Xo, Uu, Uu, Rr^Pr/, Rr^Pr/, Uu, Uu^Edb, Xu^Edb, Xu^Edb, Xu, Xu, Xu, Xu, Ur, Xu, Qxua, Qxua
Qxua, Qxua, Xu, Xu, Xu, Xu, Xu, Xu, Xu, Xu, Xu, Xu, Xu, Xu, Xu, Xu, Xu, Xu, Xu, Xu, Xu, Xu, Uu, Cud^Xo, Uu, Ql, Ql, Uh, Uu, Uu, Uu, Xu, Xu, Uu, Ur, Uu^Em, Xu, Xu, Uu^Ecf, Uu^Vu, Uu, Uu, Xu, Ur, Qxua, Qxua
Qxua, Qxua, Xu, Xu, Xu, Xu, Xu, Xu, Xu, Xu, Xu, Xu, Xu, Xu, Xu, Xu, Xu, Xu, Xu, Xu, Xu, Xu, Xu, Uu, Ql, Ql, Ql, Xu, Xu, Xu, Xu, Xu, Xu, Xu, Ur, Xu, Ur, Ur, Ur, Uu, Xu, Xu, Uu, Ur, Qxua, Qxua
Qxua, Qxua, Xu, Xu, Xu, Xu, Xu, Xu, Xu, Xu, Xu, Xu, Xu, Xu, Xu, Xu, Xu, Xu, Xu, Xu, Xu, Xu, Xu, Xu, Ql, Xu, Xu, Ql, Ql, Xu, Xu, Xu, Xu, Uu^Emf, Uu^Em, Xu, Ur, Xu, Xu, Xu, Xu, Xu, Uu, Xu, Qxua, Qxua
Qxua, Qxua, Xu, Xu, Xu, Xu, Xu, Xu, Xu, Xu, Xu, Xu, Xu, Xu, Xu, Xu, Xu, Xu, Xu, Xu, Xu, Xu, Xu, Xu, Ql, Ql, Ql, Ql, Xu, Xu, Ql, Xu, Xu, Xu, Xu, Uu^Em, Xu, Xu, Xu, Xu, Xu, Xu, Xu, Ur, Qxua, Qxua
Qxua, Qxua, Xu, Xu, Xu, Xu, Xu, Xu, Xu, Xu, Xu, Xu, Xu, Xu, Xu, Xu, Xu, Xu, Xu, Xu, Xu, Xu, Xu, Xu, Xu, Ql, Xu, Ql, Ql, Ql, Ql, Ql, Qlf, Xu, Xu, Xu, Xu, Xu, Xu, Xu, Ur, Ur, Uu^Em, Ur, Qxua, Qxua
Qxua, Qxua, Xu, Xu, Xu, Xu, Xu, Xu, Xu, Xu, Xu, Xu, Xu, Xu, Xu, Xu, Xu, Xu, Xu, Xu, Xu, Xu, Xu, Xu, Xu, Xu, Xu, Xu, Xu, Xu, Ql, Ql, Ql, Xu, Qlf, Xu, Qlf, Qlf, Ql, Xu, Ur, Xu^Emf, Xu, Xu, Qxua, Qxua
Qxua, Qxua, Xu, Xu, Xu, Xu, Xu, Xu, Xu, Xu, Xu, Xu, Xu, Xu, Xu, Xu, Xu, Xu, Xu, Xu, Xu, Xu, Xu, Xu, Xu, Xu, Xu, Xu, Xu, Xu, Uh, Uh, Ql, Ql, Ql, Ql, Ql, Ql, Qxu^Bcx/, Ur, Xu, Xu, Xu, Xu, Qxua, Qxua
Qxua, Qxua, Xu, Xu, Xu, Xu, Xu, Xu, Xu, Xu, Xu, Xu, Xu, Xu, Xu, Xu, Xu, Xu, Xu, Xu, Xu, Xu, Xu, Xu, light2 Qxu, light1 Qxu, Qxu, Xu, Cud^Xo, Xu, Cud^Xo, Uu, Cud^Xo, Uu, Uu, Ql, Qxu^Bcx/, Qxu^Bcx/, Ql, Ql, Ql, Xu, Xu, Xu, Qxua, Qxua
Qxua, Qxua, Xu, Xu, Xu, Xu, Xu, Xu, Xu, Xu, Xu, Xu, Xu, Xu, Xu, Xu, Xu, Xu, Xu, Xu, Xu, Xu, light4 Qxu, light3 Qxu, Qxu, Qxu, Ur, Ur, Cud^Xo, Cud^Xo, Cud^Xo, Cud^Xo, Cud^Xo, tunnel_target Uu, Uu, chasm_bridge Ur, Ql, Ql, Ql, Ql, Ql, Xu, Ql, Xu, Qxua, Qxua
Qxua, Qxua, Xu, Xu, Xu, Xu, Xu, Xu, Xu, Xu, Xu, Xu, Xu, Xu, Xu, Xu, Xu, Xu, Xu, Xu, Xu, Xu, Xu, Qxu, Ur, Ur, Ur, Re, Re, Cud^Xo, Cud^Xo, Cud^Xo, Cud^Xo, Ql, Ql, Ql, Xu, Xu, Xu, Ql, Xu, Ql, Ql, Ql, Qxua, Qxua
Qxua, Qxua, Xu, Xu, Xu, Xu, Xu, Xu, Xu, Xu, Xu, Xu, Xu, Xu, Xu, Xu, Xu, Xu, Xu, Xu, Re, Wwf^Es, lever3 Iwr, Ur, Re, Ur, Ur, Re, Re, Cud^Xo, Cud^Xo, Cud^Xo, Cud^Xo, Xu, Xu, Ql, Xu, Xu, Xu, Xu, Xu, Xu, Xu, Xu, Qxua, Qxua
Qxua, Qxua, Xu, Xu, Xu, Xu, Xu, Xu, Xu, Xu, Xu, Xu, Xu, Xu, Xu, Xu, Xu, Xu, Xu, Xu, Xu, Wwf^Es, Wwf^Es, lever2 Iwr, lever1 Iwr, Ur, Ur, Re^Ecf, Ur, tunnel_source Ur, Cud^Xo, Cud^Xo, Xu, Xu, Xu, Ql, Xu, Xu, Xu, Xu, Xu, Xu, Xu, Xu, Qxua, Qxua
Qxua, Qxua, Xu, Xu, Xu, Xu, Xu, Xu, Xu, Xu, invoker Cud, Xu, Xu, Xu, Xu, Xu, Xu, Xu, Xu, Xu, Xu, Xu, Xu, Wwf^Es, Wwf, Wwf^Es, Re, Ur, Re, Re, Cud^Xo, Cud^Xo, Xu, Xu, Xu, Xu, Xu, Xu, Xu, Xu, Xu, Xu, Xu, Xu, Qxua, Qxua
Qxua, Qxua, Xu, Xu, Xu, Xu, Xu, Xu, Xu, Xu, Xu, Cud, Cud, Xu, Cud, Xu, Xu, Xu, Xu, Xu, Xu, Xu, Xu, Uh^Uf, Uh^Uf, Wwf^Ii, Wwg, Ur, Ur, Cud^Xo, Wwg, Xu, Xu, Xu, Xu, Xu, Xu, Xu, Xu, Xu, Xu, Xu, Xu, Xu, Qxua, Qxua
Qxua, Qxua, Xu, Xu, Xu, Xu, Xu, Xu, Xu, Xu, ursa Cud, Xu, Cud, Cud, Xu, Xu, Xu, Xu, Xu, Xu, Xu, Xu, Xu, Xu, Xu, Cud^Xo, Wog, Wog, Wog^Bw|r, Wog, Wwg, Wwg, Qxu, Xu, Xu, Xu, Xu, Xu, Xu, Xu, Xu, Xu, Xu, Xu, Qxua, Qxua
Qxua, Qxua, Xu, Xu, Xu, Xu, Xu, Xu, Xu, Xu, Xu, Cud, Cud, Xu, windranger Cud, Xu, Xu, Xu, Xu, Xu, Xu, Xu, Xu, Xu, Xu, Xu, Wwg, Wog, Wog^Bw\r, Ww^Vm, Wog, Wwg, Qxu, Xu, Xu, Xu, Xu, Xu, Xu, Xu, Xu, Xu, Xu, Xu, Qxua, Qxua
Qxua, Qxua, Xu, Xu, Xu, Xu, Xu, Xu, Xu, Xu, Xu, Xu, 1 Cud, Cud, Xu, Xu, Xu, Xu, Xu, Xu, Xu, Xu, Xu, Xu, Xu, Xu, Xu, Qxu, Qxu, Wog^Bw\r, Qxu, Qxu, Wog, Qxu, Xu, Wog, Xu, Xu, Wog, Xu, Xu, Xu, Xu, Xu, Qxua, Qxua
Qxua, Qxua, Xu, Xu, Xu, Xu, Xu, Xu, Xu, Xu, Xu, Xu, Xu, Xu, Xu, Xu, Xu, Xu, Xu, Xu, Xu, Xu, Xu, Xu, Wwf^Em, Wog, Xu, Wog, Qxu, Qxu, Wog, campfire Wog^Bw\r, Wog^Bw\r, Wog, Wog, Wog, Wog, Wog, Xu, Wog, Wog, Xu, Wog, Xu, Qxua, Qxua
Qxua, Qxua, Xu, Xu, Xu, Xu, Xu, Xu, Xu, Xu, Xu, Xu, Xu, Xu, Xu, Xu, Xu, Xu, Xu, Xu, Xu, Xu, Qxu, Xu, Wwf^Em, Wog, Wog, Qxu, Xu, Wog, Xu, Wog, Wog^Bw|r, Wog, Wog, Wwg, Wog, Wog, Wog, Xu, Xu, Wog, Xu, Xu, Qxua, Qxua
Qxua, Qxua, Xu, Xu, Xu, Xu, Xu, Xu, Xu, Xu, Xu, Xu, Xu, Xu, Xu, Xu, Xu, Xu, Xu, Xu, Xu, Xu, Qxu, Wwf, Wog, Wog, Wog, Qxu, Wwf, Xu, Gg, Rp, Gg, Gg, Gg, Xu, Xu, Wog, Wwg, Wog, Wog, Xu, Xu, Xu, Qxua, Qxua
Qxua, Qxua, Xu, Xu, Xu, Xu, Xu, Xu, Xu, Xu, Xu, Xu, Xu, Xu, Xu, Xu, Xu, Xu, Xu, Xu, Xu, Xu, Qxu, Qxu, Qxu, Wog, short_dock Wog^Bw\, Wog, Gg^Efm, Ww^Ewf, Rp, Gg^Efm, Xu, Gll^Fp, Gll^Fp, Gg, Gg^Efm, Gg, Gg, Xu, Wog, Xu, Xu, Xu, Qxua, Qxua
Qxua, Qxua, Xu, Xu, Xu, Xu, Xu, Xu, Xu, Xu, Xu, Xu, Xu, Xu, Xu, Xu, Xu, Xu, Qxu, Xu, Qxu, Qxu, Qxu, Qxu, Wog, Wog, Gg, Gg^Efm, Rp, enchanted Rp, Gs, Gs^Fp, ench_start Gll^Fp, Gg^Fet, Gll^Fp, Gg^Ii, Gg, Gg, Xu, Gg, Gs^Vc, Xu, Xu, Xu, Qxua, Qxua
Qxua, Qxua, Xu, Xu, Xu, Xu, Xu, Xu, Xu, Xu, Aa, Xu, Xu, Xu, Xu, Xu, Xu, Xu, Qxu, Qxu, Qxu, Qxu, Qxu, Qxu, Qxu, Wog, Wog, Gg, Rp, Gg, Ww^Ewf, Gg^Ii, Gs, Gll^Fp, Gg^Fet, Gll^Fp, Xu, Xu, Xu, Gg, Gg^Efm, Xu, Xu, Xu, Qxua, Qxua
Qxua, Qxua, Xu, Xu, Xu, Xu, Xu, Xu, Aa^Fma, Xu, cm_house Aa^Vla, Aa, Xu, Xu, Xu, Xu, Qxu, Qxu, Qxu, Rb, Xu, Qxu, Qxu, Qxu, Qxu, Wwf^Es, Qxu, Wog, Rp, Gg^Ii, Wog, Wog, Wog, Gg^Efm, Wog, Gs, Xu, Xu, Xu, Xu, Xu, Xu, Xu, Xu, Qxua, Qxua
Qxua, Qxua, Xu, Xu, Xu, Xu, Xu, Ai, Ai, Ai, Aa, Aa, Xu, Xu, Xu, Xu, Qxu, Qxu, Qxu, Qxu, Rb, Re, Mv, Qxu, Qxu, Qxu, Qxu^Bs/, Qxu^Bs/, Qxu, Wog, Qxu, Qxu, Wog, Wog, Wog, Wog, Xu, Xu, Xu, Xu, Xu, Xu, Xu, Xu, Qxua, Qxua
Qxua, Qxua, Xu, Xu, Xu, Xu, Xu, Ai, Xu, Aa, Ha, Xuc, Xu, Xu, Xuc, Xu, Qxu, Qxu, Qxu, Qxu, Qxe, Qxe, Re, Re, stone_bridge Rb, Qxu^Bs/, Qxu, Qxu, Qxu, Qxu, Qxu, Qxu, Xu, Wog, Xu, Xu, Xu, Xu, Xu, Xu, Xu, Xu, Xu, Xu, Qxua, Qxua
Qxua, Qxua, Mm^Xm, Xu, Xu, Xu, Xu, Xu, Uu, Uu, Xuc, Xuc, Xuc, Xuc, Uh^Uf, Xuc, Xuc, Xuc, Uu^Ii, Qxu, Qxu^Bh/, Qxu^Bh/, Qxe, Rb, Xu, Xu, Qxu, Qxu, Qxu, Qxu, Qxu, Qxu, Qxu, Xu, Xu, Xu, Xu, Xu, Xu, Xu, Xu, Xu, Xu, Xu, Qxua, Qxua
Qxua, Qxua, Mm^Xm, Mm^Xm, Mm^Xm, Xu, Xuc, Uu, Rb, Uu^Ii, Uu^Ii, Uh^Uf, Uh^Uf, Uh^Dr, Uh, Uh, Uh^Ii, Uu^Ii, Re, wood_bridge Re, Uu^Ii, Qxu, Qxu, Qxu, Qxu, Xu, Qxu, Qxu, Qxu, Qxu, Qxu, Qxu, Qxu, Qxu, Qxu, Xu, Xu, Xu, Xu, Xu, Xu, Xu, Xu, Xu, Qxua, Qxua
Qxua, Qxua, Mm^Xm, Mm^Xm, Mm^Xm, Xu, Ket^Qov, Uu, Uu, cm_encounter Re, Re, Uu, Re, Uu, Re, Uu, Re, Re, Uu^Ii, Uu^Ii, Xuc, Xuc, Qxu, Qxu, Qxu, Qxu, Qxu, Qxu, Qxu, Qxu, Qxu, Qxu, Qxu, Qxu, Qxu, Xu, Xu, Xu, Xu, Xu, Xu, Xu, Xu, Xu, Qxua, Qxua
Qxua, Qxua, Hh, Mm, Gs, Xuc, Rr^Pw\, Uu, Uu, Uu, Xuc, Re, Uh, Re, Uh, Re, Uu, Uu^Ii, Xuc, Xuc, Xu, Xu, Xu, Qxu, Qxu, Qxu, Qxu, Qxu, Qxu, Qxu, Qxu, Qxu, Qxu, Qxu, Xu, Xu, Xu, Xu, Xu, Xu, Xu, Xu, Xu, Xu, Qxua, Qxua
Qxua, Qxua, Rp, Hh, Gs^Es, Gg, Rp, cm_trigger Rr^Pw\, Rr^Pw\, wr_lookout Ket^Qov, Xuc, Uh^Vu, Uh^Uf, Uh^Uf, Xuc, Uh, Xuc, Xuc, Xu, Xu, Xu, Xu, Xu, Xu, Qxu, Qxu, Qxu, Qxu, Qxu, Qxu, Qxu, Qxu, Xu, Xu, Xu, Xu, Xu, Xu, Xu, Xu, Xu, Xu, Xu, Xu, Qxua, Qxua
Qxua, Qxua, Rp, Rp, 4 Rp, Rp, Gs, Gs, Mm^Xm, Xu, Xu, Xuc, Xu, Xuc, Xu, Xuc, Xu, Xu, Xu, Xu, Xu, Xu, Xu, Xu, Qxu, Qxu, Qxu, Qxu, Qxu, Qxu, Qxu, Qxu, Xu, Xu, Xu, Xu, Xu, Xu, Xu, Xu, Xu, Xu, Xu, Xu, Qxua, Qxua
Qxua, Qxua, Rp, 3 Rp, Gg^Vct, 5 Gg, Hh, Mm, Mm^Xm, Mm^Xm, Mm^Xm, Xu, Xu, Xu, Xu, Xu, Xu, Xu, Xu, Xu, Xu, Xu, Xu, Xu, Xu, Qxu, Xu, Qxu, Xu, Qxu, Xu, Xu, Xu, Xu, Xu, Xu, Xu, Xu, Xu, Xu, Xu, Xu, Xu, Xu, Qxua, Qxua
Qxua, Qxua, Qxua, 2 Rp, Qxua, 6 Hh, Qxua, Mm, Qxua, Mm^Xm, Qxua, Mm^Xm, Qxua, Xu, Qxua, Xu, Qxua, Xu, Qxua, Xu, Qxua, Xu, Qxua, Xu, Qxua, Xu, Qxua, Xu, Qxua, Xu, Qxua, Xu, Qxua, Xu, Qxua, Xu, Qxua, Xu, Qxua, Xu, Qxua, Xu, Qxua, Xu, Qxua, Qxua
Qxua, Qxua^_fme, Qxua, Qxua, Qxua, Qxua, Qxua, Qxua, Qxua, Qxua, Qxua, Qxua, Qxua, Qxua, Qxua, Qxua, Qxua, Qxua, Qxua, Qxua, Qxua, Qxua, Qxua, Qxua, Qxua, Qxua, Qxua, Qxua, Qxua, Qxua, Qxua, Qxua, Qxua, Qxua, Qxua, Qxua, Qxua, Qxua, Qxua, Qxua, Qxua, Qxua, Qxua, Qxua, Qxua, Qxua
