Qxua, Qxua, Qxua, Qxua, Qxua, Qxua, Qxua, Qxua, Qxua, Qxua, Qxua, Qxua, Qxua, Qxua, Qxua, Qxua, Qxua, Qxua, Qxua, Qxua, Qxua, Qxua, Qxua, Qxua, Qxua, Qxua, Qxua, Qxua, Qxua, Qxua, Qxua, Qxua, Qxua, Qxua, Qxua, Qxua, Qxua, Qxua, Qxua, Qxua, Qxua, Qxua, Qxua, Qxua, Qxua, Qxua
Qxua, Qxua, Xu, Qxua, Xu, Qxua, Xu, Qxua, Xu, Qxua, Xu, Qxua, Xu, Qxua, Xu, Qxua, Xu, Qxua, Xu, Qxua, Xu, Qxua, Xu, Qxua, Xu, Qxua, Xu, Qxua, Xu, Qxua, Xu, Qxua, Xu, Qxua, Xu, Qxua, Xu, Qxua, Xu, Qxua, Xu, Qxua, Xu, Qxua, Qxua, Qxua
Qxua, Qxua, Xu, Xu, Xu, Xu, Xu, Xu, Xu, Xu, Xu, Xu, Xu, Xu, Xu, Xu, Xu, Xu, Xu, Xu, Xu, Xu, Xu, Xu, Xu, Xu, Xu, Xu, Xu, Xu, Xu, Xu, Xu, Xu, Xu, Xu, Xu, Xu, Xu, Xu, Xu, Xu, Xu, Xu, Qxua, Qxua
Qxua, Qxua, Xu, Xu, Xu, Xu, Xu, Xu, Xu, Xu, Xu, Xu, Xu, Xu, Xu, Xu, Xu, Xu, Xu, Xu, Xu, Xu, Xu, Xu, Xu, Xu, Xu, Xu, Xu, Xu, Xu, Xu, Xu, Xu, Xu, Xu, Xu, Xu, Xu, Xu, Xu, Xu, Xu, Xu, Qxua, Qxua
Qxua, Qxua, Xu, Xu, Xu, Xu, Xu, Xu, Xu, Xu, Xu, Xu, Xu, Xu, Xu, Xu, Xu, Xu, Xu, Xu, Xu, Xu, Xu, Xu, Xu, Xu, Xu, Xu, Xu, Xu, Xu, Xu, Xu, Xu, Xu, Xu, Xu, Xu, Xu, Xu, Xu, Xu, Xu, Xu, Qxua, Qxua
Qxua, Qxua, Xu, Xu, Xu, Xu, Xu, Xu, Xu, Xu, Xu, Xu, Xu, Xu, Xu, Xu, Xu, Xu, Xu, Xu, Xu, Xu, Xu, Xu, Xu, Xu, Xu, Xu, Xu, Xu, Xu, Xu, Xu, Xu, Xu, Xu, Xu, Xu, Xu, Xu, Xu, Xu, Xu, Xu, Qxua, Qxua
Qxua, Qxua, Xu, Xu, Xu, Xu, Xu, Xu, Xu, Xu, Xu, Xu, Xu, Xu, Xu, Xu, Xu, Xu, Xu, Xu, Xu, Xu, Xu, Xu, Xu, Xu, Xu, Xu, Xu, Xu, Xu, Xu, Xu, Xu, Xu, Xu, Xu, Xu, Xu, Xu, Xu, Xu, Xu, Xu, Qxua, Qxua
Qxua, Qxua, Xu, Xu, Xu, Xu, Xu, Xu, Xu, Xu, Xu, Xu, Xu, Xu, Xu, Xu, Xu, Xu, Xu, Xu, Xu, Xu, Xu, Xu, Xu, Xu, Uu, Xu, Xu, Xu, Xu, Xu, Xu, Xu, Xu, Xu, Xu, Xu, Xu, Xu, Xu, Xu, Xu, Xu, Qxua, Qxua
Qxua, Qxua, Xu, Xu, Xu, Xu, Xu, Xu, Xu, Xu, Xu, Xu, Xu, Xu, Xu, Xu, Xu, Xu, Xu, Xu, Ql, Xu, Xu, Xu, Uu, Uu, Rr, Uu, Uu, Xu, Xu, Xu, Xu, Xu, Xu, Xu, Xu, Xu, Xu, Xu, Xu, Xu, Xu, Xu, Qxua, Qxua
Qxua, Qxua, Xu, Xu, Xu, Xu, Xu, Xu, Xu, Xu, Xu, Xu, Xu, Xu, Xu, Xu, Xu, Xu, Ql, Ql, Ql, Ql, Xu, Uu, Qlf, Cud, Ql, Rr, Cud, Uu, Xu, Xu, Xu, Xu, Xu, Xu, Xu, Xu, Xu, Xu, Xu, Xu, Xu, Xu, Qxua, Qxua
Qxua, Qxua, Xu, Xu, Xu, Xu, Xu, Xu, Xu, Xu, Xu, Xu, Xu, Xu, Xu, Xu, Xu, Xu, Uu, Uu, Xu, Uu, Uu, Uu^Ii, Ql, Ql, Ql, Rr, Ql, Qlf, Uu, Xu, Xu, Xu, Xu, Xu, Xu, Xu, Xu, Xu, Xu, Xu, Xu, Xu, Qxua, Qxua
Qxua, Qxua, Xu, Xu, Xu, Xu, Xu, Xu, Xu, Xu, Xu, Xu, Xu, Xu, Xu, Xu, Xu, Xu, Xu, Xu, Xu, Ql, Ql, Ql, Xoc, Ql, Uu^Ii, Rr, Uu, Ql, Uu, Xu, Xu, Xu, Xu, Xu, Xu, Xu, Xu, Xu, Xu, Xu, Xu, Xu, Qxua, Qxua
Qxua, Qxua, Xu, Xu, Xu, Xu, Xu, Xu, Xu, Xu, Xu, Xu, Xu, Xu, Xu, Xu, Xu, Xu, Xu, Xu, Xu, Uu, Uu, Ql, Ql, Uu^Ii, Uu^Ebn, Uu^Ii, Uu^Ii, Ql, Ql, Xu, Xu, Xu, Xu, Xu, Xu, Xu, Xu, Xu, Xu, Xu, Xu, Xu, Qxua, Qxua
Qxua, Qxua, Xu, Xu, Xu, Xu, Xu, Xu, Xu, Xu, Xu, Xu, Xu, Xu, Xu, Xu, Xu, Xu, Xu, Xu, Xu, Uu, Cud, Ql, Rr, Uu^Ii, Uu^Ii, Uu^Ii, Rr, Uu^Ii, Ql, Qlf, Uu, Xu, Xu, Xu^Edb, Xu^Edb, Xu, Xu, Xu, Xu, Xu, Xu, Xu, Qxua, Qxua
Qxua, Qxua, Xu, Xu, Xu, Xu, Xu, Xu, Xu, Xu, Xu, Xu, Xu, Xu, Xu, Xu, Xu, Xu, Xu, Xu, Xu, Uu, Rr, Rr, Ql, Ql, Xoc, Ql, Ql, Rr, Rr, Uu, Uu, Xu, Rr^Pr/, Xu^Edb, Uu^Edb, Xu^Edb, Xu^Edb, Xu, Xu, Xu, Xu, Xu, Qxua, Qxua
Qxua, Qxua, Xu, Xu, Xu, Xu, Xu, Xu, Xu, Xu, Xu, Xu, Xu, Xu, Xu, Xu, Xu, Xu, Xu, Xu, Xu, Uu, Uu, Uu, Ql, Ql, Ql, Ql, Uu, Cud, Uu, Uu, Rr^Pr/, Rr^Pr/, Uu, Uu^Edb, Xu^Edb, Xu^Edb, Xu, Xu, Xu, Xu, Ur, Xu, Qxua, Qxua
Qxua, Qxua, Xu, Xu, Xu, Xu, Xu, Xu, Xu, Xu, Xu, Xu, Xu, Xu, Xu, Xu, Xu, Xu, Xu, Xu, Xu, Xu, Uu, Cud, Uu, Ql, Ql, Uh, Uu, Uu, Uu, Xu, Xu, Uu, Ur, Uu^Em, Xu, Xu, Uu^Ecf, Uu^Vu, Uu, Uu, Xu, Ur, Qxua, Qxua
Qxua, Qxua, Xu, Xu, Xu, Xu, Xu, Xu, Xu, Xu, Xu, Xu, Xu, Xu, Xu, Xu, Xu, Xu, Xu, Xu, Xu, Xu, Xu, Uu, Ql, Ql, Ql, Xu, Xu, Xu, Xu, Xu, Xu, Xu, Ur, Xu, Ur, Ur, Ur, Uu, Xu, Xu, Uu, Ur, Qxua, Qxua
Qxua, Qxua, Xu, Xu, Xu, Xu, Xu, Xu, Xu, Xu, Xu, Xu, Xu, Xu, Xu, Xu, Xu, Xu, Xu, Xu, Xu, Xu, Xu, Xu, Ql, Xu, Xu, Ql, Ql, Xu, Xu, Xu, Xu, Uu^Emf, Uu^Em, Xu, Ur, Xu, Xu, Xu, Xu, Xu, Uu, Xu, Qxua, Qxua
Qxua, Qxua, Xu, Xu, Xu, Xu, Xu, Xu, Xu, Xu, Xu, Xu, Xu, Xu, Xu, Xu, Xu, Xu, Xu, Xu, Xu, Xu, Xu, Xu, Ql, Ql, Ql, Ql, Xu, Xu, Ql, Xu, Xu, Xu, Xu, Uu^Em, Xu, Xu, Xu, Xu, Xu, Xu, Xu, Uu, Qxua, Qxua
Qxua, Qxua, Xu, Xu, Xu, Xu, Xu, Xu, Xu, Xu, Xu, Xu, Xu, Xu, Xu, Xu, Xu, Xu, Xu, Xu, Xu, Xu, Xu, Xu, Xu, Ql, Xu, Ql, Ql, Ql, Ql, Ql, Qlf, Xu, Xu, Xu, Xu, Xu, Xu, Xu, Ur, Ur, Uu^Em, Uu^Em, Qxua, Qxua
Qxua, Qxua, Xu, Xu, Xu, Xu, Xu, Xu, Xu, Xu, Xu, Xu, Xu, Xu, Xu, Xu, Xu, Xu, Xu, Xu, Xu, Xu, Xu, Xu, Xu, Xu, Xu, Xu, Xu, Xu, Ql, Ql, Ql, Xu, Qlf, Xu, Qlf, Qlf, Ql, Xu, Uu, Xu^Emf, Xu, Xu, Qxua, Qxua
Qxua, Qxua, Xu, Xu, Xu, Xu, Xu, Xu, Xu, Xu, Xu, Xu, Xu, Xu, Xu, Xu, Xu, Xu, Xu, Xu, Xu, Xu, Xu, Xu, Xu, Xu, Xu, Xu, Xu, Xu, Uh, Uh, Ql, Ql, Ql, Ql, Ql, Ql, Qxu^Bcx/, Uu, Xu, Xu, Xu, Xu, Qxua, Qxua
Qxua, Qxua, Xu, Xu, Xu, Xu, Xu, Xu, Xu, Xu, Xu, Xu, Xu, Xu, Xu, Xu, Xu, Xu, Xu, Xu, Xu, Xu, Xu, Xu, Xu, Xu, Xu, Xu, Qxu, Xu, Xu, Uu, Cud, Uh, Rr, Ql, Qxu^Bcx/, Qxu^Bcx/, Ql, Ql, Ql, Xu, Xu, Xu, Qxua, Qxua
Qxua, Qxua, Xu, Xu, Xu, Xu, Xu, Xu, Xu, Xu, Xu, Xu, Xu, Xu, Xu, Xu, Xu, Xu, Xu, Xu, Xu, Xu, Xu, Xu, Xu, Qxu, Qxu, Qxu, Qxu, Xu, Cud, Cud, Uu, Uu, Cud, Uu, Ql, Ql, Ql, Ql, Ql, Xu, Ql, Xu, Qxua, Qxua
Qxua, Qxua, Xu, Xu, Xu, Xu, Xu, Xu, Xu, Xu, Xu, Xu, Xu, Xu, Xu, Xu, Xu, Xu, Xu, Xu, Xu, Xu, Xu, Xu, Cud, Qxu, Uh, Uh, Uh, Cud, Uu, Cud, Cud, Ql, Ql, Ql, Xu, Xu, Xu, Ql, Xu, Ql, Ql, Ql, Qxua, Qxua
Qxua, Qxua, Xu, Xu, Xu, Xu, Xu, Xu, Xu, Xu, Xu, Xu, Xu, Xu, Xu, Xu, Xu, Xu, Xu, Xu, Xu, Xu, Wwf^Es, Wwf, Uh^Uf, Uh^Uf, Ur, Ur, Re, Ur, Uu, Cud, Xu, Xu, Xu, Ql, Xu, Xu, Xu, Xu, Xu, Xu, Xu, Xu, Qxua, Qxua
Qxua, Qxua, Xu, Xu, Xu, Xu, Xu, Xu, Xu, Xu, Xu, Xu, Xu, Xu, Xu, Xu, Xu, Xu, Xu, Xu, Xu, Uu^Es, Ur^Es, Wwf, Ur, Ur, Ur, Re^Ecf, Uu, Uu^Em, Uu, Uu, Xu, Xu, Xu, Ql, Xu, Xu, Xu, Xu, Xu, Xu, Xu, Xu, Qxua, Qxua
Qxua, Qxua, Xu, Xu, Xu, Xu, Xu, Xu, Xu, Xu, Xu, Xu, Xu, Xu, Xu, Xu, Xu, Xu, Xu, Xu, Xu, Xu, Xu, Wwf^Es, Wwf, Re, Uu^Ii, Ur, Re, Uu^Em, Xu, Xu, Xu, Xu, Xu, Xu, Xu, Xu, Xu, Xu, Xu, Xu, Xu, Xu, Qxua, Qxua
Qxua, Qxua, Xu, Xu, Xu, Xu, Xu, Xu, Xu, Xu, Xu, Xu, Xu, Xu, Xu, Xu, Xu, Xu, Xu, Xu, Xu, Xu, Xu, Uh^Uf, Uh^Uf, Wwf^Ii, Wwg, Uu, Re, Xu, Wwg, Xu, Xu, Xu, Xu, Xu, Xu, Xu, Xu, Xu, Xu, Xu, Xu, Xu, Qxua, Qxua
Qxua, Qxua, Xu, Xu, Xu, Xu, Xu, Xu, Xu, Xu, Xu, Xu, Xu, Xu, Xu, Xu, Xu, Xu, Xu, Xu, Xu, Xu, Xu, Xu, Xu, Cud, Wog, Wog, Wog^Bw|r, Wog, Wwg, Wwg, Qxu, Xu, Xu, Xu, Xu, Xu, Xu, Xu, Xu, Xu, Xu, Xu, Qxua, Qxua
Qxua, Qxua, Xu, Xu, Xu, Xu, Xu, Xu, Xu, Xu, Xu, Xu, Xu, Xu, Xu, Xu, Xu, Xu, Xu, Xu, Xu, Xu, Xu, Xu, Xu, Xu, Wwg, Wog, Wog^Bw\r, Ww^Vm, Wog, Wwg, Qxu, Xu, Xu, Xu, Xu, Xu, Xu, Xu, Xu, Xu, Xu, Xu, Qxua, Qxua
Qxua, Qxua, Xu, Xu, Xu, Xu, Xu, Xu, Xu, Xu, Xu, Xu, 1 Cud, Xu, Xu, Xu, Xu, Xu, Xu, Xu, Xu, Xu, Xu, Xu, Xu, Xu, Xu, Qxu, Qxu, Wog^Bw\r, Qxu, Qxu, Wog, Qxu, Xu, Wog, Xu, Xu, Wog, Xu, Xu, Xu, Xu, Xu, Qxua, Qxua
Qxua, Qxua, Xu, Xu, Xu, Xu, Xu, Xu, Xu, Xu, Xu, Xu, Xu, Xu, Xu, Xu, Xu, Xu, Xu, Xu, Xu, Xu, Xu, Xu, Wwf^Em, Wog, Xu, Wog, Qxu, Qxu, Wog, Wog^Bw\r, Wog^Bw\r, Wog, Wog, Wog, Wog, Wog, Xu, Wog, Wog, Xu, Wog, Xu, Qxua, Qxua
Qxua, Qxua, Xu, Xu, Xu, Xu, Xu, Xu, Xu, Xu, Xu, Xu, Xu, Xu, Xu, Xu, Xu, Xu, Xu, Xu, Xu, Xu, Qxu, Xu, Wwf^Em, Wog, Wog, Qxu, Xu, Wog, Xu, Wog, Wog^Bw|r, Wog, Wog, Wwg, Wog, Wog, Wog, Xu, Xu, Wog, Xu, Xu, Qxua, Qxua
Qxua, Qxua, Xu, Xu, Xu, Xu, Xu, Xu, Xu, Xu, Xu, Xu, Xu, Xu, Xu, Xu, Xu, Xu, Xu, Xu, Xu, Xu, Qxu, Wwf, Wog, Wog, Wog, Qxu, Wwf, Xu, Gg, Rp, Gg, Gg, Gg, Xu, Xu, Wog, Wwg, Wog, Wog, Xu, Xu, Xu, Qxua, Qxua
Qxua, Qxua, Xu, Xu, Xu, Xu, Xu, Xu, Xu, Xu, Xu, Xu, Xu, Xu, Xu, Xu, Xu, Xu, Xu, Xu, Xu, Xu, Qxu, Qxu, Qxu, Wog, Wog^Bw\, Wog, Gg^Efm, Ww^Ewf, Rp, Gg^Efm, Xu, Gll^Fp, Gll^Fp, Gg, Gg^Efm, Gg, Gg, Xu, Wog, Xu, Xu, Xu, Qxua, Qxua
Qxua, Qxua, Xu, Xu, Xu, Xu, Xu, Xu, Xu, Xu, Xu, Xu, Xu, Xu, Xu, Xu, Xu, Xu, Qxu, Xu, Qxu, Qxu, Qxu, Qxu, Wog, Wog, Gg, Gg^Efm, Rp, Rp, Gs, Gs^Fp, Gll^Fp, Gg^Fet, Gll^Fp, Gg^Ii, Gg, Gg, Xu, Gg, Gs^Vc, Xu, Xu, Xu, Qxua, Qxua
Qxua, Qxua, Xu, Xu, Xu, Xu, Xu, Xu, Xu, Xu, Aa, Xu, Xu, Xu, Xu, Xu, Xu, Xu, Qxu, Qxu, Qxu, Qxu, Qxu, Qxu, Qxu, Wog, Wog, Gg, Rp, Gg, Ww^Ewf, Gg^Ii, Gs, Gll^Fp, Gg^Fet, Gll^Fp, Xu, Xu, Xu, Gg, Gg^Efm, Xu, Xu, Xu, Qxua, Qxua
Qxua, Qxua, Xu, Xu, Xu, Xu, Xu, Xu, Aa^Fma, Xu, Aa^Vla, Aa, Xu, Xu, Xu, Xu, Qxu, Qxu, Qxu, Rb, Xu, Qxu, Qxu, Qxu, Qxu, Wwf^Es, Qxu, Wog, Rp, Gg^Ii, Wog, Wog, Wog, Gg^Efm, Wog, Gs, Xu, Xu, Xu, Xu, Xu, Xu, Xu, Xu, Qxua, Qxua
Qxua, Qxua, Xu, Xu, Xu, Xu, Xu, Ai, Ai, Ai, Aa, Aa, Xu, Xu, Xu, Xu, Qxu, Qxu, Qxu, Qxu, Rb, Re, Mv, Qxu, Qxu, Qxu, Qxu^Bs/, Qxu^Bs/, Qxu, Wog, Qxu, Qxu, Wog, Wog, Wog, Wog, Xu, Xu, Xu, Xu, Xu, Xu, Xu, Xu, Qxua, Qxua
Qxua, Qxua, Xu, Xu, Xu, Xu, Xu, Ai, Xu, Aa, Ha, Xuc, Xu, Xu, Xuc, Xu, Qxu, Qxu, Qxu, Qxu, Qxe, Qxe, Re, Re, Rb, Qxu^Bs/, Qxu, Qxu, Qxu, Qxu, Qxu, Qxu, Xu, Wog, Xu, Xu, Xu, Xu, Xu, Xu, Xu, Xu, Xu, Xu, Qxua, Qxua
Qxua, Qxua, Mm^Xm, Xu, Xu, Xu, Xu, Xu, Uu, Uu, Xuc, Xuc, Xuc, Xuc, Uh^Uf, Xuc, Xuc, Xuc, Uu^Ii, Qxu, Qxu^Bh/, Qxu^Bh/, Qxe, Rb, Xu, Xu, Qxu, Qxu, Qxu, Qxu, Qxu, Qxu, Qxu, Xu, Xu, Xu, Xu, Xu, Xu, Xu, Xu, Xu, Xu, Xu, Qxua, Qxua
Qxua, Qxua, Mm^Xm, Mm^Xm, Mm^Xm, Xu, Xuc, Uu, Rb, Uu^Ii, Uu^Ii, Uh^Uf, Uh^Uf, Uh^Dr, Uh, Uh, Uh^Ii, Uu^Ii, Re, Re, Uu^Ii, Qxu, Qxu, Qxu, Qxu, Xu, Qxu, Qxu, Qxu, Qxu, Qxu, Qxu, Qxu, Qxu, Qxu, Xu, Xu, Xu, Xu, Xu, Xu, Xu, Xu, Xu, Qxua, Qxua
Qxua, Qxua, Mm^Xm, Mm^Xm, Mm^Xm, Xu, Ket, Uu, Uu, Re, Re, Uu, Re, Uu, Re, Uu, Re, Re, Uu^Ii, Uu^Ii, Xuc, Xuc, Qxu, Qxu, Qxu, Qxu, Qxu, Qxu, Qxu, Qxu, Qxu, Qxu, Qxu, Qxu, Qxu, Xu, Xu, Xu, Xu, Xu, Xu, Xu, Xu, Xu, Qxua, Qxua
Qxua, Qxua, Hh, Mm, Gs, Xuc, Rr^Pw\, Uu, Uu, Uu, Xuc, Re, Uh, Re, Uh, Re, Uu, Uu^Ii, Xuc, Xuc, Xu, Xu, Xu, Qxu, Qxu, Qxu, Qxu, Qxu, Qxu, Qxu, Qxu, Qxu, Qxu, Qxu, Xu, Xu, Xu, Xu, Xu, Xu, Xu, Xu, Xu, Xu, Qxua, Qxua
Qxua, Qxua, Rp, Hh, Gs^Es, Gg, Rp, Rr^Pw\, Rr^Pw\, Ket, Xuc, Uh^Vu, Uh^Uf, Uh^Uf, Xuc, Uh, Xuc, Xuc, Xu, Xu, Xu, Xu, Xu, Xu, Qxu, Qxu, Qxu, Qxu, Qxu, Qxu, Qxu, Qxu, Xu, Xu, Xu, Xu, Xu, Xu, Xu, Xu, Xu, Xu, Xu, Xu, Qxua, Qxua
Qxua, Qxua, Rp, Rp, 4 Rp, Rp, Gs, Gs, Mm^Xm, Xu, Xu, Xuc, Xu, Xuc, Xu, Xuc, Xu, Xu, Xu, Xu, Xu, Xu, Xu, Xu, Qxu, Qxu, Qxu, Qxu, Qxu, Qxu, Qxu, Qxu, Xu, Xu, Xu, Xu, Xu, Xu, Xu, Xu, Xu, Xu, Xu, Xu, Qxua, Qxua
Qxua, Qxua, Rp, 3 Rp, Gg^Vct, 5 Gg, Hh, Mm, Mm^Xm, Mm^Xm, Mm^Xm, Xu, Xu, Xu, Xu, Xu, Xu, Xu, Xu, Xu, Xu, Xu, Xu, Xu, Xu, Qxu, Xu, Qxu, Xu, Qxu, Xu, Xu, Xu, Xu, Xu, Xu, Xu, Xu, Xu, Xu, Xu, Xu, Xu, Xu, Qxua, Qxua
Qxua, Qxua, Qxua, 2 Rp, Qxua, 6 Hh, Qxua, Mm, Qxua, Mm^Xm, Qxua, Mm^Xm, Qxua, Xu, Qxua, Xu, Qxua, Xu, Qxua, Xu, Qxua, Xu, Qxua, Xu, Qxua, Xu, Qxua, Xu, Qxua, Xu, Qxua, Xu, Qxua, Xu, Qxua, Xu, Qxua, Xu, Qxua, Xu, Qxua, Xu, Qxua, Xu, Qxua, Qxua
Qxua, Qxua, Qxua, Qxua, Qxua, Qxua, Qxua, Qxua, Qxua, Qxua, Qxua, Qxua, Qxua, Qxua, Qxua, Qxua, Qxua, Qxua, Qxua, Qxua, Qxua, Qxua, Qxua, Qxua, Qxua, Qxua, Qxua, Qxua, Qxua, Qxua, Qxua, Qxua, Qxua, Qxua, Qxua, Qxua, Qxua, Qxua, Qxua, Qxua, Qxua, Qxua, Qxua, Qxua, Qxua, Qxua
