_off^_usr, _off^_usr, _off^_usr, _off^_usr, _off^_usr, _off^_usr, _off^_usr, _off^_usr, _off^_usr, _off^_usr, _off^_usr, _off^_usr, _off^_usr, _off^_usr, _off^_usr, _off^_usr, _off^_usr, _off^_usr, _off^_usr, _off^_usr, _off^_usr, _off^_usr, _off^_usr, _off^_usr, _off^_usr, _off^_usr, _off^_usr, _off^_usr, _off^_usr, _off^_usr, _off^_usr, _off^_usr, _off^_usr, _off^_usr, _off^_usr, _off^_usr, _off^_usr, _off^_usr, _off^_usr, _off^_usr, _off^_usr, _off^_usr, _off^_usr, _off^_usr, _off^_usr, _off^_usr, _off^_usr, _off^_usr, _off^_usr, _off^_usr, _off^_usr, _off^_usr, _off^_usr, _off^_usr, _off^_usr, _off^_usr, _off^_usr, _off^_usr, _off^_usr, _off^_usr, _off^_usr, _off^_usr, _off^_usr
_off^_usr, _off^_usr, _off^_usr, _off^_usr, _off^_usr, _off^_usr, _off^_usr, _off^_usr, _off^_usr, _off^_usr, _off^_usr, _off^_usr, _off^_usr, _off^_usr, _off^_usr, _off^_usr, _off^_usr, _off^_usr, _off^_usr, _off^_usr, _off^_usr, _off^_usr, _off^_usr, _off^_usr, _off^_usr, _off^_usr, _off^_usr, _off^_usr, _off^_usr, _off^_usr, _off^_usr, _off^_usr, _off^_usr, _off^_usr, _off^_usr, _off^_usr, _off^_usr, _off^_usr, _off^_usr, _off^_usr, _off^_usr, _off^_usr, _off^_usr, _off^_usr, _off^_usr, _off^_usr, _off^_usr, _off^_usr, _off^_usr, _off^_usr, _off^_usr, _off^_usr, _off^_usr, _off^_usr, _off^_usr, _off^_usr, _off^_usr, _off^_usr, _off^_usr, _off^_usr, _off^_usr, _off^_usr, _off^_usr
_off^_usr, _off^_usr, _off^_usr, _off^_usr, _off^_usr, _off^_usr, _off^_usr, _off^_usr, _off^_usr, _off^_usr, _off^_usr, _off^_usr, _off^_usr, _off^_usr, _off^_usr, _off^_usr, _off^_usr, _off^_usr, _off^_usr, _off^_usr, _off^_usr, _off^_usr, _off^_usr, _off^_usr, _off^_usr, _off^_usr, _off^_usr, _off^_usr, _off^_usr, _off^_usr, _off^_usr, _off^_usr, _off^_usr, _off^_usr, _off^_usr, _off^_usr, _off^_usr, _off^_usr, _off^_usr, _off^_usr, _off^_usr, _off^_usr, _off^_usr, _off^_usr, _off^_usr, _off^_usr, _off^_usr, _off^_usr, _off^_usr, _off^_usr, _off^_usr, _off^_usr, _off^_usr, _off^_usr, _off^_usr, _off^_usr, _off^_usr, _off^_usr, _off^_usr, _off^_usr, _off^_usr, _off^_usr, _off^_usr
_off^_usr, _off^_usr, _off^_usr, _off^_usr, _off^_usr, _off^_usr, _off^_usr, _off^_usr, _off^_usr, _off^_usr, _off^_usr, _off^_usr, _off^_usr, _off^_usr, _off^_usr, _off^_usr, _off^_usr, _off^_usr, _off^_usr, _off^_usr, _off^_usr, _off^_usr, _off^_usr, _off^_usr, _off^_usr, _off^_usr, _off^_usr, _off^_usr, _off^_usr, _off^_usr, _off^_usr, _off^_usr, _off^_usr, _off^_usr, _off^_usr, _off^_usr, _off^_usr, _off^_usr, _off^_usr, _off^_usr, _off^_usr, _off^_usr, _off^_usr, _off^_usr, _off^_usr, _off^_usr, _off^_usr, _off^_usr, _off^_usr, _off^_usr, _off^_usr, _off^_usr, _off^_usr, _off^_usr, _off^_usr, _off^_usr, _off^_usr, _off^_usr, _off^_usr, _off^_usr, _off^_usr, _off^_usr, _off^_usr
_off^_usr, _off^_usr, _off^_usr, _off^_usr, _off^_usr, _off^_usr, _off^_usr, _off^_usr, _off^_usr, _off^_usr, _off^_usr, _off^_usr, _off^_usr, _off^_usr, _off^_usr, _off^_usr, _off^_usr, _off^_usr, _off^_usr, _off^_usr, _off^_usr, _off^_usr, _off^_usr, _off^_usr, _off^_usr, _off^_usr, _off^_usr, _off^_usr, _off^_usr, _off^_usr, _off^_usr, _off^_usr, _off^_usr, _off^_usr, _off^_usr, _off^_usr, _off^_usr, _off^_usr, _off^_usr, _off^_usr, _off^_usr, _off^_usr, _off^_usr, _off^_usr, _off^_usr, _off^_usr, _off^_usr, _off^_usr, _off^_usr, _off^_usr, _off^_usr, _off^_usr, _off^_usr, _off^_usr, _off^_usr, _off^_usr, _off^_usr, _off^_usr, _off^_usr, _off^_usr, _off^_usr, _off^_usr, _off^_usr
_off^_usr, _off^_usr, _off^_usr, _off^_usr, _off^_usr, _off^_usr, _off^_usr, _off^_usr, _off^_usr, _off^_usr, _off^_usr, _off^_usr, _off^_usr, _off^_usr, _off^_usr, _off^_usr, _off^_usr, _off^_usr, _off^_usr, _off^_usr, _off^_usr, _off^_usr, _off^_usr, _off^_usr, _off^_usr, _off^_usr, _off^_usr, _off^_usr, _off^_usr, _off^_usr, _off^_usr, _off^_usr, _off^_usr, _off^_usr, _off^_usr, _off^_usr, _off^_usr, _off^_usr, _off^_usr, _off^_usr, _off^_usr, _off^_usr, _off^_usr, _off^_usr, _off^_usr, _off^_usr, _off^_usr, _off^_usr, _off^_usr, _off^_usr, _off^_usr, _off^_usr, _off^_usr, _off^_usr, _off^_usr, _off^_usr, _off^_usr, _off^_usr, _off^_usr, _off^_usr, _off^_usr, _off^_usr, _off^_usr
_off^_usr, _off^_usr, _off^_usr, _off^_usr, _off^_usr, _off^_usr, _off^_usr, _off^_usr, _off^_usr, _off^_usr, _off^_usr, _off^_usr, _off^_usr, _off^_usr, _off^_usr, _off^_usr, _off^_usr, _off^_usr, _off^_usr, _off^_usr, _off^_usr, _off^_usr, _off^_usr, _off^_usr, _off^_usr, _off^_usr, _off^_usr, _off^_usr, _off^_usr, _off^_usr, _off^_usr, _off^_usr, _off^_usr, _off^_usr, _off^_usr, _off^_usr, _off^_usr, _off^_usr, _off^_usr, _off^_usr, _off^_usr, _off^_usr, _off^_usr, _off^_usr, _off^_usr, _off^_usr, _off^_usr, _off^_usr, _off^_usr, _off^_usr, _off^_usr, _off^_usr, _off^_usr, _off^_usr, _off^_usr, _off^_usr, _off^_usr, _off^_usr, _off^_usr, _off^_usr, _off^_usr, _off^_usr, _off^_usr
_off^_usr, _off^_usr, _off^_usr, _off^_usr, _off^_usr, _off^_usr, _off^_usr, _off^_usr, _off^_usr, _off^_usr, _off^_usr, _off^_usr, _off^_usr, _off^_usr, _off^_usr, _off^_usr, _off^_usr, _off^_usr, _off^_usr, _off^_usr, _off^_usr, _off^_usr, _off^_usr, _off^_usr, _off^_usr, _off^_usr, _off^_usr, _off^_usr, _off^_usr, _off^_usr, _off^_usr, _off^_usr, _off^_usr, _off^_usr, _off^_usr, _off^_usr, _off^_usr, _off^_usr, _off^_usr, _off^_usr, _off^_usr, _off^_usr, _off^_usr, _off^_usr, _off^_usr, _off^_usr, _off^_usr, _off^_usr, _off^_usr, _off^_usr, _off^_usr, _off^_usr, _off^_usr, _off^_usr, _off^_usr, _off^_usr, _off^_usr, _off^_usr, _off^_usr, _off^_usr, _off^_usr, _off^_usr, _off^_usr
_off^_usr, _off^_usr, _off^_usr, _off^_usr, _off^_usr, _off^_usr, _off^_usr, _off^_usr, _off^_usr, _off^_usr, _off^_usr, _off^_usr, _off^_usr, _off^_usr, _off^_usr, _off^_usr, _off^_usr, _off^_usr, _off^_usr, _off^_usr, _off^_usr, _off^_usr, _off^_usr, _off^_usr, _off^_usr, _off^_usr, _off^_usr, _off^_usr, _off^_usr, _off^_usr, _off^_usr, _off^_usr, _off^_usr, _off^_usr, _off^_usr, _off^_usr, _off^_usr, _off^_usr, _off^_usr, _off^_usr, _off^_usr, _off^_usr, _off^_usr, _off^_usr, _off^_usr, _off^_usr, _off^_usr, _off^_usr, _off^_usr, _off^_usr, _off^_usr, _off^_usr, _off^_usr, _off^_usr, _off^_usr, _off^_usr, _off^_usr, _off^_usr, _off^_usr, _off^_usr, _off^_usr, _off^_usr, _off^_usr
_off^_usr, _off^_usr, _off^_usr, _off^_usr, _off^_usr, _off^_usr, _off^_usr, _off^_usr, _off^_usr, _off^_usr, _off^_usr, _off^_usr, _off^_usr, _off^_usr, _off^_usr, _off^_usr, _off^_usr, _off^_usr, _off^_usr, _off^_usr, _off^_usr, _off^_usr, _off^_usr, _off^_usr, _off^_usr, _off^_usr, _off^_usr, _off^_usr, _off^_usr, _off^_usr, _off^_usr, _off^_usr, _off^_usr, _off^_usr, _off^_usr, _off^_usr, _off^_usr, _off^_usr, _off^_usr, _off^_usr, _off^_usr, _off^_usr, _off^_usr, _off^_usr, _off^_usr, _off^_usr, _off^_usr, _off^_usr, _off^_usr, _off^_usr, _off^_usr, _off^_usr, _off^_usr, _off^_usr, _off^_usr, _off^_usr, _off^_usr, _off^_usr, _off^_usr, _off^_usr, _off^_usr, _off^_usr, _off^_usr
_off^_usr, _off^_usr, _off^_usr, _off^_usr, _off^_usr, _off^_usr, _off^_usr, _off^_usr, _off^_usr, _off^_usr, _off^_usr, _off^_usr, _off^_usr, _off^_usr, _off^_usr, _off^_usr, _off^_usr, _off^_usr, _off^_usr, _off^_usr, _off^_usr, _off^_usr, _off^_usr, _off^_usr, _off^_usr, _off^_usr, _off^_usr, _off^_usr, _off^_usr, _off^_usr, _off^_usr, _off^_usr, _off^_usr, _off^_usr, _off^_usr, _off^_usr, _off^_usr, _off^_usr, _off^_usr, _off^_usr, _off^_usr, _off^_usr, _off^_usr, _off^_usr, _off^_usr, _off^_usr, _off^_usr, _off^_usr, _off^_usr, _off^_usr, _off^_usr, _off^_usr, _off^_usr, _off^_usr, _off^_usr, _off^_usr, _off^_usr, _off^_usr, _off^_usr, _off^_usr, _off^_usr, _off^_usr, _off^_usr
_off^_usr, _off^_usr, _off^_usr, _off^_usr, _off^_usr, _off^_usr, _off^_usr, _off^_usr, _off^_usr, _off^_usr, _off^_usr, _off^_usr, _off^_usr, _off^_usr, _off^_usr, _off^_usr, _off^_usr, _off^_usr, _off^_usr, _off^_usr, _off^_usr, _off^_usr, Qxu, _off^_usr, _off^_usr, _off^_usr, _off^_usr, _off^_usr, _off^_usr, _off^_usr, _off^_usr, _off^_usr, _off^_usr, _off^_usr, _off^_usr, _off^_usr, _off^_usr, _off^_usr, _off^_usr, _off^_usr, _off^_usr, _off^_usr, _off^_usr, _off^_usr, _off^_usr, _off^_usr, _off^_usr, _off^_usr, _off^_usr, _off^_usr, _off^_usr, _off^_usr, _off^_usr, _off^_usr, _off^_usr, _off^_usr, _off^_usr, _off^_usr, _off^_usr, _off^_usr, _off^_usr, _off^_usr, _off^_usr
_off^_usr, _off^_usr, _off^_usr, _off^_usr, _off^_usr, _off^_usr, _off^_usr, _off^_usr, _off^_usr, _off^_usr, _off^_usr, _off^_usr, _off^_usr, _off^_usr, _off^_usr, _off^_usr, _off^_usr, _off^_usr, _off^_usr, _off^_usr, Qxu, Qxu, Iwr, Qxu, Qxu, _off^_usr, _off^_usr, _off^_usr, _off^_usr, _off^_usr, _off^_usr, _off^_usr, _off^_usr, _off^_usr, _off^_usr, _off^_usr, _off^_usr, _off^_usr, _off^_usr, _off^_usr, _off^_usr, _off^_usr, _off^_usr, _off^_usr, _off^_usr, _off^_usr, _off^_usr, _off^_usr, _off^_usr, _off^_usr, _off^_usr, _off^_usr, _off^_usr, _off^_usr, _off^_usr, _off^_usr, _off^_usr, _off^_usr, _off^_usr, _off^_usr, _off^_usr, _off^_usr, _off^_usr
_off^_usr, _off^_usr, _off^_usr, _off^_usr, _off^_usr, _off^_usr, _off^_usr, _off^_usr, _off^_usr, _off^_usr, _off^_usr, _off^_usr, _off^_usr, _off^_usr, _off^_usr, _off^_usr, Qxu, _off^_usr, Qxu, Qxu, Iwr, Iwr, Iwr, Iwr, Iwr, Qxu, Xoi, _off^_usr, _off^_usr, _off^_usr, _off^_usr, _off^_usr, _off^_usr, _off^_usr, _off^_usr, _off^_usr, _off^_usr, _off^_usr, _off^_usr, _off^_usr, _off^_usr, _off^_usr, _off^_usr, _off^_usr, _off^_usr, _off^_usr, _off^_usr, _off^_usr, _off^_usr, _off^_usr, _off^_usr, _off^_usr, _off^_usr, _off^_usr, _off^_usr, _off^_usr, _off^_usr, _off^_usr, _off^_usr, _off^_usr, _off^_usr, _off^_usr, _off^_usr
_off^_usr, _off^_usr, _off^_usr, _off^_usr, _off^_usr, _off^_usr, _off^_usr, _off^_usr, _off^_usr, _off^_usr, _off^_usr, _off^_usr, _off^_usr, _off^_usr, Qxu, Qxu, Xoi, Qxu, Iwr, Iwr, Iwr, Iwr, Xoi, Iwr, Xoi, Xoi, Qxu, _off^_usr, _off^_usr, _off^_usr, _off^_usr, _off^_usr, _off^_usr, _off^_usr, _off^_usr, _off^_usr, _off^_usr, _off^_usr, _off^_usr, _off^_usr, _off^_usr, _off^_usr, _off^_usr, _off^_usr, _off^_usr, _off^_usr, _off^_usr, _off^_usr, _off^_usr, _off^_usr, _off^_usr, _off^_usr, _off^_usr, _off^_usr, _off^_usr, _off^_usr, _off^_usr, _off^_usr, _off^_usr, _off^_usr, _off^_usr, _off^_usr, _off^_usr
_off^_usr, _off^_usr, _off^_usr, _off^_usr, _off^_usr, _off^_usr, _off^_usr, _off^_usr, _off^_usr, _off^_usr, _off^_usr, Xoi, Xoi, Qxu, Iwr, Iwr, Iwr, Iwr, Iwr, Iwr, Xoi, Xoi, Xoi, Xoi, Qxu, Qxu, _off^_usr, _off^_usr, _off^_usr, _off^_usr, _off^_usr, _off^_usr, Xoi, _off^_usr, _off^_usr, _off^_usr, _off^_usr, _off^_usr, _off^_usr, _off^_usr, _off^_usr, _off^_usr, _off^_usr, _off^_usr, _off^_usr, _off^_usr, _off^_usr, _off^_usr, _off^_usr, _off^_usr, _off^_usr, _off^_usr, _off^_usr, _off^_usr, _off^_usr, _off^_usr, _off^_usr, _off^_usr, _off^_usr, _off^_usr, _off^_usr, _off^_usr, _off^_usr
_off^_usr, _off^_usr, _off^_usr, _off^_usr, _off^_usr, _off^_usr, _off^_usr, _off^_usr, _off^_usr, _off^_usr, _off^_usr, Qxu, Qxu, Xoi, Xoi, Iwr, Iwr, Iwr, Iwr^Pw/, Xoi, Iwr, Iwr, Iwr, Xoi, Xoi, _off^_usr, _off^_usr, _off^_usr, _off^_usr, _off^_usr, Xoi, Xoi, Iwr, Xoi, Xoi, _off^_usr, _off^_usr, _off^_usr, _off^_usr, _off^_usr, _off^_usr, _off^_usr, _off^_usr, _off^_usr, _off^_usr, _off^_usr, _off^_usr, _off^_usr, _off^_usr, _off^_usr, _off^_usr, _off^_usr, _off^_usr, _off^_usr, _off^_usr, _off^_usr, _off^_usr, _off^_usr, _off^_usr, _off^_usr, _off^_usr, _off^_usr, _off^_usr
_off^_usr, _off^_usr, _off^_usr, _off^_usr, _off^_usr, _off^_usr, _off^_usr, _off^_usr, _off^_usr, _off^_usr, _off^_usr, _off^_usr, Xoi, Xoi, Iwr, Iwr, Xoi, Iwr^Pw/, Iwr, Iwr, Iwr, Iwr, Iwr, Iwr, Iwr, Xoi, Xoi, _off^_usr, Xoi, Xoi, Iwr, Iwr, Iwr, Iwr, Iwr, Xoi, Xoi, _off^_usr, _off^_usr, _off^_usr, _off^_usr, _off^_usr, _off^_usr, _off^_usr, _off^_usr, _off^_usr, _off^_usr, _off^_usr, _off^_usr, _off^_usr, _off^_usr, _off^_usr, _off^_usr, _off^_usr, _off^_usr, _off^_usr, _off^_usr, _off^_usr, _off^_usr, _off^_usr, _off^_usr, _off^_usr, _off^_usr
_off^_usr, _off^_usr, _off^_usr, _off^_usr, _off^_usr, _off^_usr, _off^_usr, _off^_usr, _off^_usr, _off^_usr, Xoi, Xoi, Iwr, Iwr, Xoi, Xoi, Iwr, Iwr, Iwr, Iwr, Icn, Icn^Efs, Icn, Iwr, Iwr, Iwr, Iwr, Xoi, Xoi, Iwr, Iwr, Iwr, Iwr, Iwr, Iwr, Iwr, Iwr, Xoi, Xoi, _off^_usr, _off^_usr, _off^_usr, _off^_usr, _off^_usr, _off^_usr, _off^_usr, _off^_usr, _off^_usr, _off^_usr, _off^_usr, _off^_usr, _off^_usr, _off^_usr, _off^_usr, _off^_usr, _off^_usr, _off^_usr, _off^_usr, _off^_usr, _off^_usr, _off^_usr, _off^_usr, _off^_usr
_off^_usr, _off^_usr, _off^_usr, _off^_usr, _off^_usr, _off^_usr, _off^_usr, _off^_usr, Xoi, Xoi, Iwr, Iwr, Xoi, Xoi, Iwr, Iwr, Iwr, Iwr, Icn, Icn, Icn, Icn, Icn, Icn, Icn, Iwr, Iwr, Iwr, Iwr, Xoi, Xoi, Iwr, Iwr, Iwr, Iwr, Iwr, Iwr, Iwr, Iwr^Pw/, Xoi, Xoi, _off^_usr, _off^_usr, _off^_usr, _off^_usr, _off^_usr, _off^_usr, _off^_usr, _off^_usr, _off^_usr, _off^_usr, _off^_usr, _off^_usr, _off^_usr, _off^_usr, _off^_usr, _off^_usr, _off^_usr, _off^_usr, _off^_usr, _off^_usr, _off^_usr, _off^_usr
_off^_usr, _off^_usr, _off^_usr, _off^_usr, _off^_usr, _off^_usr, _off^_usr, Xoi, Iwr, Iwr, Xoi, Xoi, Qxu, Xoi, Xoi, Iwr, Iwr, Iwr^Efs, Iwr, Icn, Icn, Icn, Icn, Icn, Icn, Icn, Icn, Iwr, Iwr, Iwr, Iwr, Xoi, Xoi, Iwr, Iwr, Iwr, Xoi, Iwr^Pw/, Iwr, Iwr, Iwr, Xoi, Xoi, _off^_usr, _off^_usr, _off^_usr, _off^_usr, _off^_usr, _off^_usr, _off^_usr, _off^_usr, _off^_usr, _off^_usr, _off^_usr, _off^_usr, _off^_usr, _off^_usr, _off^_usr, _off^_usr, _off^_usr, _off^_usr, _off^_usr, _off^_usr
_off^_usr, _off^_usr, _off^_usr, _off^_usr, _off^_usr, _off^_usr, Xoi, Xoi, Iwr, Xoi, Qxu, Qxu, 1 _off^_usr, Qxu, Qxu, Xoi, Xoi, Iwr, Iwr, 2 Iwr, 3 Iwr, Icn, Icn, Icn, Icn, Icn, Icn, Icn, Icn, Iwr, Iwr, Iwr, Iwr, Xoi, Xoi, Iwr^Pw/, Iwr, Xoi, Xoi, Iwr, Iwr, Iwr, Iwr, Xoi, Xoi, _off^_usr, _off^_usr, _off^_usr, _off^_usr, _off^_usr, _off^_usr, _off^_usr, _off^_usr, _off^_usr, _off^_usr, _off^_usr, _off^_usr, _off^_usr, _off^_usr, _off^_usr, _off^_usr, _off^_usr, _off^_usr
_off^_usr, _off^_usr, _off^_usr, _off^_usr, Xoi, Xoi, Iwr, Iwr, Xoi, Xoi, Qxu, _off^_usr, _off^_usr, _off^_usr, Xoi, Xoi, Iwr, Iwr, Iwr, Iwr, Iwr, 4 Iwr, 5 Iwr, Icn, Icn, Icn, Icn, Icn, Iwr, Iwr^Efs, Iwr, Iwr, Xoi, Xoi, Iwr, Iwr, Iwr, Iwr, Iwr, Xoi, Xoi, Iwr, Iwr, Iwr, Iwr, Xoi, Xoi, _off^_usr, _off^_usr, _off^_usr, _off^_usr, _off^_usr, _off^_usr, _off^_usr, _off^_usr, _off^_usr, _off^_usr, _off^_usr, _off^_usr, _off^_usr, _off^_usr, _off^_usr, _off^_usr
_off^_usr, _off^_usr, _off^_usr, Xoi, Iwr^Pw\, Iwr, Xoi, Xoi, Qxu, Qxu, _off^_usr, _off^_usr, Xoi, Xoi, Iwr, Iwr, Iwr, Iwr, Iwr, Iwr, Iwr, Iwr, Iwr, Iwr, Iwr, Icn, Iwr, Iwr, Iwr, Iwr, Iwr^Pw/, Iwr^Pw/, Iwr, Xoi, Xoi, Iwr, Iwr, Iwr, Xoi, Xoi, Iwr, Iwr, Iwr, Iwr, Xoi, Xoi, Iwr, Xoi, Xoi, _off^_usr, _off^_usr, _off^_usr, _off^_usr, _off^_usr, _off^_usr, _off^_usr, _off^_usr, _off^_usr, _off^_usr, _off^_usr, _off^_usr, _off^_usr, _off^_usr
_off^_usr, _off^_usr, _off^_usr, Qxu, Qxu, Xoi, Qxu, Qxu, _off^_usr, _off^_usr, Xoi, Xoi, Iwr, Iwr, Iwr, Iwr, Iwr, Iwr, Iwr, Iwr, Xoi, Xoi, Xoi, Iwr, Iwr, Iwr^Efs, Iwr, Iwr, Xoi, Xoi, Xoi, Iwr, Iwr, Iwr, Iwr, Xoi, Xoi, Xoi, Iwr, Iwr, Iwr, Iwr, Iwr^Pw/, Xoi, Iwr, Iwr, Iwr, Iwr, Iwr, Xoi, Xoi, _off^_usr, _off^_usr, _off^_usr, _off^_usr, _off^_usr, _off^_usr, _off^_usr, _off^_usr, _off^_usr, _off^_usr, _off^_usr, _off^_usr
_off^_usr, _off^_usr, _off^_usr, _off^_usr, _off^_usr, Qxu, _off^_usr, _off^_usr, Xoi, Xoi, Iwr, Iwr, Iwr, Iwr, Iwr, Iwr, Iwr, Iwr, Xoi, Xoi, Qxu, Qxu, Qxu, Xoi, Xoi, Iwr, Xoi, Xoi, Qxu, Qxu, Qxu, Xoi, Xoi, Iwr, Iwr, Iwr, Iwr, Iwr, Iwr, Iwr, Xoi, Xoi, Iwr, Iwr, Iwr, Iwr, Iwr, Iwr, Iwr, Iwr, Xoi, Xoi, _off^_usr, _off^_usr, _off^_usr, _off^_usr, _off^_usr, _off^_usr, _off^_usr, _off^_usr, _off^_usr, _off^_usr, _off^_usr
_off^_usr, _off^_usr, _off^_usr, _off^_usr, _off^_usr, _off^_usr, _off^_usr, _off^_usr, Qxu, Xoi, Iwr^Pw\, Iwr, Iwr, Iwr, Iwr, Iwr, Xoi, Xoi, Qxu, Qxu, _off^_usr, _off^_usr, _off^_usr, Qxu, Qxu, Xoi, Qxu, Qxu, _off^_usr, _off^_usr, _off^_usr, Qxu, Qxu, Xoi, Xoi, Iwr, Iwr, Iwr, Iwr, Xoi, Xoi, Iwr, Iwr, Iwr, Iwr, Iwr, Iwr, Iwr, Xoi, Xoi, Qxu, Qxu, _off^_usr, _off^_usr, _off^_usr, _off^_usr, _off^_usr, _off^_usr, _off^_usr, _off^_usr, _off^_usr, _off^_usr, _off^_usr
_off^_usr, _off^_usr, _off^_usr, _off^_usr, _off^_usr, _off^_usr, _off^_usr, _off^_usr, _off^_usr, Qxu, Qxu, Iwr^Pw\, Xoi, Iwr, Xoi, Xoi, Qxu, Qxu, _off^_usr, _off^_usr, _off^_usr, _off^_usr, _off^_usr, _off^_usr, _off^_usr, Qxu, _off^_usr, _off^_usr, _off^_usr, _off^_usr, _off^_usr, _off^_usr, _off^_usr, Qxu, Xoi, Xoi, Iwr, Iwr, Iwr, Iwr, Iwr, Xoi, Xoi, Iwr, Iwr, Iwr, Xoi, Xoi, Qxu, Qxu, _off^_usr, _off^_usr, _off^_usr, _off^_usr, _off^_usr, _off^_usr, _off^_usr, _off^_usr, _off^_usr, _off^_usr, _off^_usr, _off^_usr, _off^_usr
_off^_usr, _off^_usr, _off^_usr, _off^_usr, _off^_usr, _off^_usr, _off^_usr, _off^_usr, _off^_usr, _off^_usr, _off^_usr, Qxu, Qxu, Xoi, Qxu, Qxu, _off^_usr, _off^_usr, _off^_usr, _off^_usr, _off^_usr, _off^_usr, _off^_usr, _off^_usr, _off^_usr, _off^_usr, _off^_usr, _off^_usr, _off^_usr, _off^_usr, _off^_usr, _off^_usr, Xoi, Xoi, Iwr, Iwr, Iwr, Iwr, Iwr, Iwr, Iwr, Iwr, Iwr, Xoi, Xoi, Xoi, Qxu, Qxu, _off^_usr, _off^_usr, _off^_usr, _off^_usr, _off^_usr, _off^_usr, _off^_usr, _off^_usr, _off^_usr, _off^_usr, _off^_usr, _off^_usr, _off^_usr, _off^_usr, _off^_usr
_off^_usr, _off^_usr, _off^_usr, _off^_usr, _off^_usr, _off^_usr, _off^_usr, _off^_usr, _off^_usr, _off^_usr, _off^_usr, _off^_usr, _off^_usr, Qxu, _off^_usr, _off^_usr, _off^_usr, _off^_usr, _off^_usr, _off^_usr, _off^_usr, _off^_usr, _off^_usr, _off^_usr, _off^_usr, _off^_usr, _off^_usr, _off^_usr, _off^_usr, _off^_usr, Xoi, Xoi, Iwr, Iwr, Iwr, Iwr, Iwr, Iwr, Iwr, Iwr, Iwr, Iwr, Xoi, Xoi, Qxu, Qxu, _off^_usr, _off^_usr, _off^_usr, _off^_usr, _off^_usr, _off^_usr, _off^_usr, _off^_usr, _off^_usr, _off^_usr, _off^_usr, _off^_usr, _off^_usr, _off^_usr, _off^_usr, _off^_usr, _off^_usr
_off^_usr, _off^_usr, _off^_usr, _off^_usr, _off^_usr, _off^_usr, _off^_usr, _off^_usr, _off^_usr, _off^_usr, _off^_usr, _off^_usr, _off^_usr, _off^_usr, _off^_usr, _off^_usr, _off^_usr, _off^_usr, _off^_usr, _off^_usr, _off^_usr, _off^_usr, _off^_usr, _off^_usr, _off^_usr, _off^_usr, _off^_usr, _off^_usr, Xoi, Xoi, Iwr, Iwr, Iwr, Iwr, Iwr, Iwr, Iwr, Iwr, Iwr, Iwr, Xoi, Xoi, Qxu, Qxu, _off^_usr, _off^_usr, _off^_usr, _off^_usr, _off^_usr, _off^_usr, _off^_usr, _off^_usr, _off^_usr, _off^_usr, _off^_usr, _off^_usr, _off^_usr, _off^_usr, _off^_usr, _off^_usr, _off^_usr, _off^_usr, _off^_usr
_off^_usr, _off^_usr, _off^_usr, _off^_usr, _off^_usr, _off^_usr, _off^_usr, _off^_usr, _off^_usr, _off^_usr, _off^_usr, _off^_usr, _off^_usr, _off^_usr, _off^_usr, _off^_usr, _off^_usr, _off^_usr, _off^_usr, _off^_usr, _off^_usr, _off^_usr, _off^_usr, _off^_usr, _off^_usr, _off^_usr, Xoi, Xoi, Iwr^Pw\, Iwr, Iwr, Iwr, Iwr, Iwr, Iwr, Iwr, Iwr, Iwr, Xoi, Xoi, Qxu, Qxu, _off^_usr, _off^_usr, _off^_usr, _off^_usr, _off^_usr, _off^_usr, _off^_usr, _off^_usr, _off^_usr, _off^_usr, _off^_usr, _off^_usr, _off^_usr, _off^_usr, _off^_usr, _off^_usr, _off^_usr, _off^_usr, _off^_usr, _off^_usr, _off^_usr
_off^_usr, _off^_usr, _off^_usr, _off^_usr, _off^_usr, _off^_usr, _off^_usr, _off^_usr, _off^_usr, _off^_usr, _off^_usr, _off^_usr, _off^_usr, _off^_usr, _off^_usr, _off^_usr, _off^_usr, _off^_usr, _off^_usr, _off^_usr, _off^_usr, _off^_usr, _off^_usr, _off^_usr, Xoi, Xoi, Iwr, Iwr, Iwr, Iwr^Pw\, Xoi, Iwr, Iwr, Iwr, Iwr, Iwr, Xoi, Xoi, Qxu, Qxu, _off^_usr, _off^_usr, _off^_usr, _off^_usr, _off^_usr, _off^_usr, _off^_usr, _off^_usr, _off^_usr, _off^_usr, _off^_usr, _off^_usr, _off^_usr, _off^_usr, _off^_usr, _off^_usr, _off^_usr, _off^_usr, _off^_usr, _off^_usr, _off^_usr, _off^_usr, _off^_usr
_off^_usr, _off^_usr, _off^_usr, _off^_usr, _off^_usr, _off^_usr, _off^_usr, _off^_usr, _off^_usr, _off^_usr, _off^_usr, _off^_usr, _off^_usr, _off^_usr, _off^_usr, _off^_usr, _off^_usr, _off^_usr, _off^_usr, _off^_usr, _off^_usr, _off^_usr, Xoi, Xoi, Iwr, Iwr, Iwr, Iwr, Iwr, Iwr, Iwr, Xoi, Xoi, Iwr, Xoi, Xoi, Qxu, Qxu, _off^_usr, _off^_usr, _off^_usr, _off^_usr, _off^_usr, _off^_usr, _off^_usr, _off^_usr, _off^_usr, _off^_usr, _off^_usr, _off^_usr, _off^_usr, _off^_usr, _off^_usr, _off^_usr, _off^_usr, _off^_usr, _off^_usr, _off^_usr, _off^_usr, _off^_usr, _off^_usr, _off^_usr, _off^_usr
_off^_usr, _off^_usr, _off^_usr, _off^_usr, _off^_usr, _off^_usr, _off^_usr, _off^_usr, _off^_usr, _off^_usr, _off^_usr, _off^_usr, _off^_usr, _off^_usr, _off^_usr, _off^_usr, _off^_usr, _off^_usr, _off^_usr, _off^_usr, _off^_usr, _off^_usr, Qxu, Xoi, Xoi, Iwr, Iwr, Iwr, Iwr, Iwr, Iwr, Iwr, Xoi, Xoi, Qxu, Qxu, _off^_usr, _off^_usr, _off^_usr, _off^_usr, _off^_usr, _off^_usr, _off^_usr, _off^_usr, _off^_usr, _off^_usr, _off^_usr, _off^_usr, _off^_usr, _off^_usr, _off^_usr, _off^_usr, _off^_usr, _off^_usr, _off^_usr, _off^_usr, _off^_usr, _off^_usr, _off^_usr, _off^_usr, _off^_usr, _off^_usr, _off^_usr
_off^_usr, _off^_usr, _off^_usr, _off^_usr, _off^_usr, _off^_usr, _off^_usr, _off^_usr, _off^_usr, _off^_usr, _off^_usr, _off^_usr, _off^_usr, _off^_usr, _off^_usr, _off^_usr, _off^_usr, _off^_usr, _off^_usr, _off^_usr, _off^_usr, _off^_usr, _off^_usr, Qxu, Qxu, Xoi, Xoi, Iwr, Iwr, Iwr, Xoi, Xoi, Qxu, Qxu, _off^_usr, _off^_usr, _off^_usr, _off^_usr, _off^_usr, _off^_usr, _off^_usr, _off^_usr, _off^_usr, _off^_usr, _off^_usr, _off^_usr, _off^_usr, _off^_usr, _off^_usr, _off^_usr, _off^_usr, _off^_usr, _off^_usr, _off^_usr, _off^_usr, _off^_usr, _off^_usr, _off^_usr, _off^_usr, _off^_usr, _off^_usr, _off^_usr, _off^_usr
_off^_usr, _off^_usr, _off^_usr, _off^_usr, _off^_usr, _off^_usr, _off^_usr, _off^_usr, _off^_usr, _off^_usr, _off^_usr, _off^_usr, _off^_usr, _off^_usr, _off^_usr, _off^_usr, _off^_usr, _off^_usr, _off^_usr, _off^_usr, _off^_usr, _off^_usr, _off^_usr, _off^_usr, _off^_usr, Qxu, Qxu, Xoi, Xoi, Xoi, Qxu, Qxu, _off^_usr, _off^_usr, _off^_usr, _off^_usr, _off^_usr, _off^_usr, _off^_usr, _off^_usr, _off^_usr, _off^_usr, _off^_usr, _off^_usr, _off^_usr, _off^_usr, _off^_usr, _off^_usr, _off^_usr, _off^_usr, _off^_usr, _off^_usr, _off^_usr, _off^_usr, _off^_usr, _off^_usr, _off^_usr, _off^_usr, _off^_usr, _off^_usr, _off^_usr, _off^_usr, _off^_usr
_off^_usr, _off^_usr, _off^_usr, _off^_usr, _off^_usr, _off^_usr, _off^_usr, _off^_usr, _off^_usr, _off^_usr, _off^_usr, _off^_usr, _off^_usr, _off^_usr, _off^_usr, _off^_usr, _off^_usr, _off^_usr, _off^_usr, _off^_usr, _off^_usr, _off^_usr, _off^_usr, _off^_usr, _off^_usr, _off^_usr, _off^_usr, Qxu, Qxu, Qxu, _off^_usr, _off^_usr, _off^_usr, _off^_usr, _off^_usr, _off^_usr, _off^_usr, _off^_usr, _off^_usr, _off^_usr, _off^_usr, _off^_usr, _off^_usr, _off^_usr, _off^_usr, _off^_usr, _off^_usr, _off^_usr, _off^_usr, _off^_usr, _off^_usr, _off^_usr, _off^_usr, _off^_usr, _off^_usr, _off^_usr, _off^_usr, _off^_usr, _off^_usr, _off^_usr, _off^_usr, _off^_usr, _off^_usr
_off^_usr, _off^_usr, _off^_usr, _off^_usr, _off^_usr, _off^_usr, _off^_usr, _off^_usr, _off^_usr, _off^_usr, _off^_usr, _off^_usr, _off^_usr, _off^_usr, _off^_usr, _off^_usr, _off^_usr, _off^_usr, _off^_usr, _off^_usr, _off^_usr, _off^_usr, _off^_usr, _off^_usr, _off^_usr, _off^_usr, _off^_usr, _off^_usr, _off^_usr, _off^_usr, _off^_usr, _off^_usr, _off^_usr, _off^_usr, _off^_usr, _off^_usr, _off^_usr, _off^_usr, _off^_usr, _off^_usr, _off^_usr, _off^_usr, _off^_usr, _off^_usr, _off^_usr, _off^_usr, _off^_usr, _off^_usr, _off^_usr, _off^_usr, _off^_usr, _off^_usr, _off^_usr, _off^_usr, _off^_usr, _off^_usr, _off^_usr, _off^_usr, _off^_usr, _off^_usr, _off^_usr, _off^_usr, _off^_usr
_off^_usr, _off^_usr, _off^_usr, _off^_usr, _off^_usr, _off^_usr, _off^_usr, _off^_usr, _off^_usr, _off^_usr, _off^_usr, _off^_usr, _off^_usr, _off^_usr, _off^_usr, _off^_usr, _off^_usr, _off^_usr, _off^_usr, _off^_usr, _off^_usr, _off^_usr, _off^_usr, _off^_usr, _off^_usr, _off^_usr, _off^_usr, _off^_usr, _off^_usr, _off^_usr, _off^_usr, _off^_usr, _off^_usr, _off^_usr, _off^_usr, _off^_usr, _off^_usr, _off^_usr, _off^_usr, _off^_usr, _off^_usr, _off^_usr, _off^_usr, _off^_usr, _off^_usr, _off^_usr, _off^_usr, _off^_usr, _off^_usr, _off^_usr, _off^_usr, _off^_usr, _off^_usr, _off^_usr, _off^_usr, _off^_usr, _off^_usr, _off^_usr, _off^_usr, _off^_usr, _off^_usr, _off^_usr, _off^_usr
_off^_usr, _off^_usr, _off^_usr, _off^_usr, _off^_usr, _off^_usr, _off^_usr, _off^_usr, _off^_usr, _off^_usr, _off^_usr, _off^_usr, _off^_usr, _off^_usr, _off^_usr, _off^_usr, _off^_usr, _off^_usr, _off^_usr, _off^_usr, _off^_usr, _off^_usr, _off^_usr, _off^_usr, _off^_usr, _off^_usr, _off^_usr, _off^_usr, _off^_usr, _off^_usr, _off^_usr, _off^_usr, _off^_usr, _off^_usr, _off^_usr, _off^_usr, _off^_usr, _off^_usr, _off^_usr, _off^_usr, _off^_usr, _off^_usr, _off^_usr, _off^_usr, _off^_usr, _off^_usr, _off^_usr, _off^_usr, _off^_usr, _off^_usr, _off^_usr, _off^_usr, _off^_usr, _off^_usr, _off^_usr, _off^_usr, _off^_usr, _off^_usr, _off^_usr, _off^_usr, _off^_usr, _off^_usr, _off^_usr
_off^_usr, _off^_usr, _off^_usr, _off^_usr, _off^_usr, _off^_usr, _off^_usr, _off^_usr, _off^_usr, _off^_usr, _off^_usr, _off^_usr, _off^_usr, _off^_usr, _off^_usr, _off^_usr, _off^_usr, _off^_usr, _off^_usr, _off^_usr, _off^_usr, _off^_usr, _off^_usr, _off^_usr, _off^_usr, _off^_usr, _off^_usr, _off^_usr, _off^_usr, _off^_usr, _off^_usr, _off^_usr, _off^_usr, _off^_usr, _off^_usr, _off^_usr, _off^_usr, _off^_usr, _off^_usr, _off^_usr, _off^_usr, _off^_usr, _off^_usr, _off^_usr, _off^_usr, _off^_usr, _off^_usr, _off^_usr, _off^_usr, _off^_usr, _off^_usr, _off^_usr, _off^_usr, _off^_usr, _off^_usr, _off^_usr, _off^_usr, _off^_usr, _off^_usr, _off^_usr, _off^_usr, _off^_usr, _off^_usr
_off^_usr, _off^_usr, _off^_usr, _off^_usr, _off^_usr, _off^_usr, _off^_usr, _off^_usr, _off^_usr, _off^_usr, _off^_usr, _off^_usr, _off^_usr, _off^_usr, _off^_usr, _off^_usr, _off^_usr, _off^_usr, _off^_usr, _off^_usr, _off^_usr, _off^_usr, _off^_usr, _off^_usr, _off^_usr, _off^_usr, _off^_usr, _off^_usr, _off^_usr, _off^_usr, _off^_usr, _off^_usr, _off^_usr, _off^_usr, _off^_usr, _off^_usr, _off^_usr, _off^_usr, _off^_usr, _off^_usr, _off^_usr, _off^_usr, _off^_usr, _off^_usr, _off^_usr, _off^_usr, _off^_usr, _off^_usr, _off^_usr, _off^_usr, _off^_usr, _off^_usr, _off^_usr, _off^_usr, _off^_usr, _off^_usr, _off^_usr, _off^_usr, _off^_usr, _off^_usr, _off^_usr, _off^_usr, _off^_usr
_off^_usr, _off^_usr, _off^_usr, _off^_usr, _off^_usr, _off^_usr, _off^_usr, _off^_usr, _off^_usr, _off^_usr, _off^_usr, _off^_usr, _off^_usr, _off^_usr, _off^_usr, _off^_usr, _off^_usr, _off^_usr, _off^_usr, _off^_usr, _off^_usr, _off^_usr, _off^_usr, _off^_usr, _off^_usr, _off^_usr, _off^_usr, _off^_usr, _off^_usr, _off^_usr, _off^_usr, _off^_usr, _off^_usr, _off^_usr, _off^_usr, _off^_usr, _off^_usr, _off^_usr, _off^_usr, _off^_usr, _off^_usr, _off^_usr, _off^_usr, _off^_usr, _off^_usr, _off^_usr, _off^_usr, _off^_usr, _off^_usr, _off^_usr, _off^_usr, _off^_usr, _off^_usr, _off^_usr, _off^_usr, _off^_usr, _off^_usr, _off^_usr, _off^_usr, _off^_usr, _off^_usr, _off^_usr, _off^_usr
_off^_usr, _off^_usr, _off^_usr, _off^_usr, _off^_usr, _off^_usr, _off^_usr, _off^_usr, _off^_usr, _off^_usr, _off^_usr, _off^_usr, _off^_usr, _off^_usr, _off^_usr, _off^_usr, _off^_usr, _off^_usr, _off^_usr, _off^_usr, _off^_usr, _off^_usr, _off^_usr, _off^_usr, _off^_usr, _off^_usr, _off^_usr, _off^_usr, _off^_usr, _off^_usr, _off^_usr, _off^_usr, _off^_usr, _off^_usr, _off^_usr, _off^_usr, _off^_usr, _off^_usr, _off^_usr, _off^_usr, _off^_usr, _off^_usr, _off^_usr, _off^_usr, _off^_usr, _off^_usr, _off^_usr, _off^_usr, _off^_usr, _off^_usr, _off^_usr, _off^_usr, _off^_usr, _off^_usr, _off^_usr, _off^_usr, _off^_usr, _off^_usr, _off^_usr, _off^_usr, _off^_usr, _off^_usr, _off^_usr
_off^_usr, _off^_usr, _off^_usr, _off^_usr, _off^_usr, _off^_usr, _off^_usr, _off^_usr, _off^_usr, _off^_usr, _off^_usr, _off^_usr, _off^_usr, _off^_usr, _off^_usr, _off^_usr, _off^_usr, _off^_usr, _off^_usr, _off^_usr, _off^_usr, _off^_usr, _off^_usr, _off^_usr, _off^_usr, _off^_usr, _off^_usr, _off^_usr, _off^_usr, _off^_usr, _off^_usr, _off^_usr, _off^_usr, _off^_usr, _off^_usr, _off^_usr, _off^_usr, _off^_usr, _off^_usr, _off^_usr, _off^_usr, _off^_usr, _off^_usr, _off^_usr, _off^_usr, _off^_usr, _off^_usr, _off^_usr, _off^_usr, _off^_usr, _off^_usr, _off^_usr, _off^_usr, _off^_usr, _off^_usr, _off^_usr, _off^_usr, _off^_usr, _off^_usr, _off^_usr, _off^_usr, _off^_usr, _off^_usr
_off^_usr, _off^_usr, _off^_usr, _off^_usr, _off^_usr, _off^_usr, _off^_usr, _off^_usr, _off^_usr, _off^_usr, _off^_usr, _off^_usr, _off^_usr, _off^_usr, _off^_usr, _off^_usr, _off^_usr, _off^_usr, _off^_usr, _off^_usr, _off^_usr, _off^_usr, _off^_usr, _off^_usr, _off^_usr, _off^_usr, _off^_usr, _off^_usr, _off^_usr, _off^_usr, _off^_usr, _off^_usr, _off^_usr, _off^_usr, _off^_usr, _off^_usr, _off^_usr, _off^_usr, _off^_usr, _off^_usr, _off^_usr, _off^_usr, _off^_usr, _off^_usr, _off^_usr, _off^_usr, _off^_usr, _off^_usr, _off^_usr, _off^_usr, _off^_usr, _off^_usr, _off^_usr, _off^_usr, _off^_usr, _off^_usr, _off^_usr, _off^_usr, _off^_usr, _off^_usr, _off^_usr, _off^_usr, _off^_usr
_off^_usr, _off^_usr, _off^_usr, _off^_usr, _off^_usr, _off^_usr, _off^_usr, _off^_usr, _off^_usr, _off^_usr, _off^_usr, _off^_usr, _off^_usr, _off^_usr, _off^_usr, _off^_usr, _off^_usr, _off^_usr, _off^_usr, _off^_usr, _off^_usr, _off^_usr, _off^_usr, _off^_usr, _off^_usr, _off^_usr, _off^_usr, _off^_usr, _off^_usr, _off^_usr, _off^_usr, _off^_usr, _off^_usr, _off^_usr, _off^_usr, _off^_usr, _off^_usr, _off^_usr, _off^_usr, _off^_usr, _off^_usr, _off^_usr, _off^_usr, _off^_usr, _off^_usr, _off^_usr, _off^_usr, _off^_usr, _off^_usr, _off^_usr, _off^_usr, _off^_usr, _off^_usr, _off^_usr, _off^_usr, _off^_usr, _off^_usr, _off^_usr, _off^_usr, _off^_usr, _off^_usr, _off^_usr, _off^_usr
_off^_usr, _off^_usr, _off^_usr, _off^_usr, _off^_usr, _off^_usr, _off^_usr, _off^_usr, _off^_usr, _off^_usr, _off^_usr, _off^_usr, _off^_usr, _off^_usr, _off^_usr, _off^_usr, _off^_usr, _off^_usr, _off^_usr, _off^_usr, _off^_usr, _off^_usr, _off^_usr, _off^_usr, _off^_usr, _off^_usr, _off^_usr, _off^_usr, _off^_usr, _off^_usr, _off^_usr, _off^_usr, _off^_usr, _off^_usr, _off^_usr, _off^_usr, _off^_usr, _off^_usr, _off^_usr, _off^_usr, _off^_usr, _off^_usr, _off^_usr, _off^_usr, _off^_usr, _off^_usr, _off^_usr, _off^_usr, _off^_usr, _off^_usr, _off^_usr, _off^_usr, _off^_usr, _off^_usr, _off^_usr, _off^_usr, _off^_usr, _off^_usr, _off^_usr, _off^_usr, _off^_usr, _off^_usr, _off^_usr
_off^_usr, _off^_usr, _off^_usr, _off^_usr, _off^_usr, _off^_usr, _off^_usr, _off^_usr, _off^_usr, _off^_usr, _off^_usr, _off^_usr, _off^_usr, _off^_usr, _off^_usr, _off^_usr, _off^_usr, _off^_usr, _off^_usr, _off^_usr, _off^_usr, _off^_usr, _off^_usr, _off^_usr, _off^_usr, _off^_usr, _off^_usr, _off^_usr, _off^_usr, _off^_usr, _off^_usr, _off^_usr, _off^_usr, _off^_usr, _off^_usr, _off^_usr, _off^_usr, _off^_usr, _off^_usr, _off^_usr, _off^_usr, _off^_usr, _off^_usr, _off^_usr, _off^_usr, _off^_usr, _off^_usr, _off^_usr, _off^_usr, _off^_usr, _off^_usr, _off^_usr, _off^_usr, _off^_usr, _off^_usr, _off^_usr, _off^_usr, _off^_usr, _off^_usr, _off^_usr, _off^_usr, _off^_usr, _off^_usr
_off^_usr, _off^_usr, _off^_usr, _off^_usr, _off^_usr, _off^_usr, _off^_usr, _off^_usr, _off^_usr, _off^_usr, _off^_usr, _off^_usr, _off^_usr, _off^_usr, _off^_usr, _off^_usr, _off^_usr, _off^_usr, _off^_usr, _off^_usr, _off^_usr, _off^_usr, _off^_usr, _off^_usr, _off^_usr, _off^_usr, _off^_usr, _off^_usr, _off^_usr, _off^_usr, _off^_usr, _off^_usr, _off^_usr, _off^_usr, _off^_usr, _off^_usr, _off^_usr, _off^_usr, _off^_usr, _off^_usr, _off^_usr, _off^_usr, _off^_usr, _off^_usr, _off^_usr, _off^_usr, _off^_usr, _off^_usr, _off^_usr, _off^_usr, _off^_usr, _off^_usr, _off^_usr, _off^_usr, _off^_usr, _off^_usr, _off^_usr, _off^_usr, _off^_usr, _off^_usr, _off^_usr, _off^_usr, _off^_usr
_off^_usr, _off^_usr, _off^_usr, _off^_usr, _off^_usr, _off^_usr, _off^_usr, _off^_usr, _off^_usr, _off^_usr, _off^_usr, _off^_usr, _off^_usr, _off^_usr, _off^_usr, _off^_usr, _off^_usr, _off^_usr, _off^_usr, _off^_usr, _off^_usr, _off^_usr, _off^_usr, _off^_usr, _off^_usr, _off^_usr, _off^_usr, _off^_usr, _off^_usr, _off^_usr, _off^_usr, _off^_usr, _off^_usr, _off^_usr, _off^_usr, _off^_usr, _off^_usr, _off^_usr, _off^_usr, _off^_usr, _off^_usr, _off^_usr, _off^_usr, _off^_usr, _off^_usr, _off^_usr, _off^_usr, _off^_usr, _off^_usr, _off^_usr, _off^_usr, _off^_usr, _off^_usr, _off^_usr, _off^_usr, _off^_usr, _off^_usr, _off^_usr, _off^_usr, _off^_usr, _off^_usr, _off^_usr, _off^_usr
